
> complete-seed-to-sale@0.0.1 build
> nest build

node.exe : [96msrc/conversion/conversion.service.ts[0m:[93m89[0m:[93m11[0m - [91merror[0m[90m TS2353: [0mObject literal may only specify known properties, and 'locationId' does not exist in 
type 'Without<AuditLogCreateInput, AuditLogUncheckedCreateInput> & AuditLogUncheckedCreateInput'.
At C:\nvm4w\nodejs\npm.ps1:16 char:5
+     & "$basedir/node$exe"  "$basedir/node_modules/npm/bin/npm-cli.js" ...
+     ~~~~~~~~~~~~~~~~~~~~~~~~~~~~~~~~~~~~~~~~~~~~~~~~~~~~~~~~~~~~~~~~~
    + CategoryInfo          : NotSpecified: ([96msrc/conver...edCreateInput'.:String) [], RemoteException
    + FullyQualifiedErrorId : NativeCommandError
 

[7m89[0m           locationId,
[7m  [0m [91m          ~~~~~~~~~~[0m

  [96mnode_modules/.prisma/client/index.d.ts[0m:[93m28901[0m:[93m5[0m
    [7m28901[0m     data: XOR<AuditLogCreateInput, AuditLogUncheckedCreateInput>
    [7m     [0m [96m    ~~~~[0m
    The expected type comes from property 'data' which is declared here on type '{ select?: AuditLogSelect<DefaultArgs> | null | undefined; include?: AuditLogInclude<DefaultArgs> | null | undefined; 
data: (Without<...> & AuditLogUncheckedCreateInput) | (Without<...> & AuditLogCreateInput); }'
[96msrc/conversion/conversion.service.ts[0m:[93m189[0m:[93m11[0m - [91merror[0m[90m TS2353: [0mObject literal may only specify known properties, and 'locationId' does not exist in type 
'Without<AuditLogCreateInput, AuditLogUncheckedCreateInput> & AuditLogUncheckedCreateInput'.

[7m189[0m           locationId,
[7m   [0m [91m          ~~~~~~~~~~[0m

  [96mnode_modules/.prisma/client/index.d.ts[0m:[93m28901[0m:[93m5[0m
    [7m28901[0m     data: XOR<AuditLogCreateInput, AuditLogUncheckedCreateInput>
    [7m     [0m [96m    ~~~~[0m
    The expected type comes from property 'data' which is declared here on type '{ select?: AuditLogSelect<DefaultArgs> | null | undefined; include?: AuditLogInclude<DefaultArgs> | null | undefined; 
data: (Without<...> & AuditLogUncheckedCreateInput) | (Without<...> & AuditLogCreateInput); }'
[96msrc/conversion/conversion.service.ts[0m:[93m295[0m:[93m11[0m - [91merror[0m[90m TS2353: [0mObject literal may only specify known properties, and 'locationId' does not exist in type 
'Without<AuditLogCreateInput, AuditLogUncheckedCreateInput> & AuditLogUncheckedCreateInput'.

[7m295[0m           locationId,
[7m   [0m [91m          ~~~~~~~~~~[0m

  [96mnode_modules/.prisma/client/index.d.ts[0m:[93m28901[0m:[93m5[0m
    [7m28901[0m     data: XOR<AuditLogCreateInput, AuditLogUncheckedCreateInput>
    [7m     [0m [96m    ~~~~[0m
    The expected type comes from property 'data' which is declared here on type '{ select?: AuditLogSelect<DefaultArgs> | null | undefined; include?: AuditLogInclude<DefaultArgs> | null | undefined; 
data: (Without<...> & AuditLogUncheckedCreateInput) | (Without<...> & AuditLogCreateInput); }'
[96msrc/conversion/conversion.service.ts[0m:[93m329[0m:[93m9[0m - [91merror[0m[90m TS2353: [0mObject literal may only specify known properties, and 'strain' does not exist in type 
'InventoryItemInclude<DefaultArgs>'.

[7m329[0m         strain: true,
[7m   [0m [91m        ~~~~~~[0m

  [96mnode_modules/.prisma/client/index.d.ts[0m:[93m12705[0m:[93m5[0m
    [7m12705[0m     include?: InventoryItemInclude<ExtArgs> | null
    [7m     [0m [96m    ~~~~~~~[0m
    The expected type comes from property 'include' which is declared here on type '{ rejectOnNotFound?: RejectOnNotFound | undefined; select?: InventoryItemSelect<DefaultArgs> | null | undefined; 
include?: InventoryItemInclude<...> | ... 1 more ... | undefined; where: InventoryItemWhereUniqueInput; }'
[96msrc/conversion/conversion.service.ts[0m:[93m349[0m:[93m48[0m - [91merror[0m[90m TS2345: [0mArgument of type 'JsonValue' is not assignable to parameter of type 'string'.
  Type 'null' is not assignable to type 'string'.

[7m349[0m       conversionDetails: auditLog ? JSON.parse(auditLog.details) : null,
[7m   [0m [91m                                               ~~~~~~~~~~~~~~~~[0m
[96msrc/conversion/conversion.service.ts[0m:[93m373[0m:[93m9[0m - [91merror[0m[90m TS2353: [0mObject literal may only specify known properties, and 'locationId' does not exist in type 
'AuditLogWhereInput'.

[7m373[0m         locationId,
[7m   [0m [91m        ~~~~~~~~~~[0m
[96msrc/conversion/conversion.service.ts[0m:[93m393[0m:[93m36[0m - [91merror[0m[90m TS2345: [0mArgument of type 'JsonValue' is not assignable to parameter of type 'string'.
  Type 'null' is not assignable to type 'string'.

[7m393[0m         const details = JSON.parse(log.details);
[7m   [0m [91m                                   ~~~~~~~~~~~[0m
[96msrc/conversion/conversion.service.ts[0m:[93m407[0m:[93m9[0m - [91merror[0m[90m TS2353: [0mObject literal may only specify known properties, and 'strain' does not exist in type 
'InventoryItemInclude<DefaultArgs>'.

[7m407[0m         strain: true,
[7m   [0m [91m        ~~~~~~[0m
[96msrc/conversion/conversion.service.ts[0m:[93m417[0m:[93m50[0m - [91merror[0m[90m TS2345: [0mArgument of type 'JsonValue' is not assignable to parameter of type 'string'.
  Type 'null' is not assignable to type 'string'.

[7m417[0m         conversionDetails: auditLog ? JSON.parse(auditLog.details) : null,
[7m   [0m [91m                                                 ~~~~~~~~~~~~~~~~[0m
[96msrc/conversion/conversion.service.ts[0m:[93m423[0m:[93m9[0m - [91merror[0m[90m TS2353: [0mObject literal may only specify known properties, and 'locationId' does not exist in type 
'AuditLogWhereInput'.

[7m423[0m         locationId,
[7m   [0m [91m        ~~~~~~~~~~[0m
[96msrc/cultivation/cultivation.service.ts[0m:[93m866[0m:[93m7[0m - [91merror[0m[90m TS2322: [0mType '{ locationId: string; inventoryType: { connect: { id: string; }; }; inventoryTypeName: 
string; productName: string; quantity: number; unit: string; status: string; roomId: string; barcode: any; }' is not assignable to type '(Without<InventoryItemCreateInput, 
InventoryItemUncheckedCreateInput> & InventoryItemUncheckedCreateInput) | (Without<...> & InventoryItemCreateInput)'.
  Types of property 'inventoryType' are incompatible.
    Type '{ connect: { id: string; }; }' is not assignable to type 'undefined'.

[7m866[0m       data: {
[7m   [0m [91m      ~~~~[0m

  [96mnode_modules/.prisma/client/index.d.ts[0m:[93m12911[0m:[93m5[0m
    [7m12911[0m     data: XOR<InventoryItemCreateInput, InventoryItemUncheckedCreateInput>
    [7m     [0m [96m    ~~~~[0m
    The expected type comes from property 'data' which is declared here on type '{ select?: InventoryItemSelect<DefaultArgs> | null | undefined; include?: InventoryItemInclude<DefaultArgs> | null | 
undefined; data: (Without<...> & InventoryItemUncheckedCreateInput) | (Without<...> & InventoryItemCreateInput); }'
[96msrc/cultivation/cultivation.service.ts[0m:[93m878[0m:[93m23[0m - [91merror[0m[90m TS2339: [0mProperty 'generateBarcode' does not exist on type 'CultivationService'.

[7m878[0m         barcode: this.generateBarcode(),
[7m   [0m [91m                      ~~~~~~~~~~~~~~~[0m
[96msrc/cultivation/cultivation.service.ts[0m:[93m949[0m:[93m7[0m - [91merror[0m[90m TS2322: [0mType '{ locationId: string; inventoryType: { connect: { id: string; }; }; inventoryTypeName: 
string; productName: string; quantity: number; unit: string; status: string; roomId: string; barcode: any; }' is not assignable to type '(Without<InventoryItemCreateInput, 
InventoryItemUncheckedCreateInput> & InventoryItemUncheckedCreateInput) | (Without<...> & InventoryItemCreateInput)'.
  Types of property 'inventoryType' are incompatible.
    Type '{ connect: { id: string; }; }' is not assignable to type 'undefined'.

[7m949[0m       data: {
[7m   [0m [91m      ~~~~[0m

  [96mnode_modules/.prisma/client/index.d.ts[0m:[93m12911[0m:[93m5[0m
    [7m12911[0m     data: XOR<InventoryItemCreateInput, InventoryItemUncheckedCreateInput>
    [7m     [0m [96m    ~~~~[0m
    The expected type comes from property 'data' which is declared here on type '{ select?: InventoryItemSelect<DefaultArgs> | null | undefined; include?: InventoryItemInclude<DefaultArgs> | null | 
undefined; data: (Without<...> & InventoryItemUncheckedCreateInput) | (Without<...> & InventoryItemCreateInput); }'
[96msrc/cultivation/cultivation.service.ts[0m:[93m960[0m:[93m23[0m - [91merror[0m[90m TS2339: [0mProperty 'generateBarcode' does not exist on type 'CultivationService'.

[7m960[0m         barcode: this.generateBarcode(),
[7m   [0m [91m                      ~~~~~~~~~~~~~~~[0m
[96msrc/inventory-type/inventory-type.controller.ts[0m:[93m26[0m:[93m45[0m - [91merror[0m[90m TS2345: [0mArgument of type 'CreateInventoryTypeDto' is not assignable to parameter of type '{ 
name: string; description?: string | undefined; unit: string; isSource: boolean; category: string; }'.
  Property 'category' is missing in type 'CreateInventoryTypeDto' but required in type '{ name: string; description?: string | undefined; unit: string; isSource: boolean; category: string; }'.

[7m26[0m     return this.inventoryTypeService.create(createDto);
[7m  [0m [91m                                            ~~~~~~~~~[0m

  [96msrc/inventory-type/inventory-type.service.ts[0m:[93m21[0m:[93m93[0m
    [7m21[0m   async create(data: { name: string; description?: string; unit: string; isSource: boolean; category: string }): Promise<InventoryType> {
    [7m  [0m [96m                                                                                            ~~~~~~~~[0m
    'category' is declared here.
[96msrc/inventory/inventory.service.ts[0m:[93m30[0m:[93m18[0m - [91merror[0m[90m TS2353: [0mObject literal may only specify known properties, and 'room' does not exist in type 
'InventoryItemInclude<DefaultArgs>'.

[7m30[0m       include: { room: true },
[7m  [0m [91m                 ~~~~[0m
[96msrc/inventory/inventory.service.ts[0m:[93m56[0m:[93m18[0m - [91merror[0m[90m TS2353: [0mObject literal may only specify known properties, and 'room' does not exist in type 
'InventoryItemInclude<DefaultArgs>'.

[7m56[0m       include: { room: true, inventoryType: true },
[7m  [0m [91m                 ~~~~[0m

  [96mnode_modules/.prisma/client/index.d.ts[0m:[93m12938[0m:[93m5[0m
    [7m12938[0m     include?: InventoryItemInclude<ExtArgs> | null
    [7m     [0m [96m    ~~~~~~~[0m
    The expected type comes from property 'include' which is declared here on type '{ select?: InventoryItemSelect<DefaultArgs> | null | undefined; include?: InventoryItemInclude<DefaultArgs> | null | 
undefined; data: (Without<...> & InventoryItemUncheckedUpdateInput) | (Without<...> & InventoryItemUpdateInput); where: InventoryItemWhereUniqueInput; }'
[96msrc/inventory/inventory.service.ts[0m:[93m65[0m:[93m9[0m - [91merror[0m[90m TS2353: [0mObject literal may only specify known properties, and 'oldValue' does not exist in type 
'(Without<AuditLogCreateInput, AuditLogUncheckedCreateInput> & AuditLogUncheckedCreateInput) | (Without<...> & AuditLogCreateInput)'.

[7m65[0m         oldValue: JSON.stringify({ roomId: inventoryItem.roomId, roomName: inventoryItem.room?.name }),
[7m  [0m [91m        ~~~~~~~~[0m

  [96mnode_modules/.prisma/client/index.d.ts[0m:[93m28901[0m:[93m5[0m
    [7m28901[0m     data: XOR<AuditLogCreateInput, AuditLogUncheckedCreateInput>
    [7m     [0m [96m    ~~~~[0m
    The expected type comes from property 'data' which is declared here on type '{ select?: AuditLogSelect<DefaultArgs> | null | undefined; include?: AuditLogInclude<DefaultArgs> | null | undefined; 
data: (Without<...> & AuditLogUncheckedCreateInput) | (Without<...> & AuditLogCreateInput); }'
[96msrc/inventory/inventory.service.ts[0m:[93m65[0m:[93m90[0m - [91merror[0m[90m TS2339: [0mProperty 'room' does not exist on type 'GetResult<{ id: string; locationId: string; 
parentInventoryId: string | null; harvestedPlantId: string | null; harvestId: string | null; inventoryTypeId: string | null; inventoryTypeName: string | null; ... 11 more ...; deletedAt: Date | null; 
}, unknown> & {}'.

[7m65[0m         oldValue: JSON.stringify({ roomId: inventoryItem.roomId, roomName: inventoryItem.room?.name }),
[7m  [0m [91m                                                                                         ~~~~[0m
[96msrc/inventory/inventory.service.ts[0m:[93m109[0m:[93m9[0m - [91merror[0m[90m TS2353: [0mObject literal may only specify known properties, and 'adjustmentGrams' does not exist in type 
'(Without<InventoryAdjustmentCreateInput, InventoryAdjustmentUncheckedCreateInput> & InventoryAdjustmentUncheckedCreateInput) | (Without<...> & InventoryAdjustmentCreateInput)'.

[7m109[0m         adjustmentGrams: dto.adjustmentGrams,
[7m   [0m [91m        ~~~~~~~~~~~~~~~[0m

  [96mnode_modules/.prisma/client/index.d.ts[0m:[93m40512[0m:[93m5[0m
    [7m40512[0m     data: XOR<InventoryAdjustmentCreateInput, InventoryAdjustmentUncheckedCreateInput>
    [7m     [0m [96m    ~~~~[0m
    The expected type comes from property 'data' which is declared here on type '{ select?: InventoryAdjustmentSelect<DefaultArgs> | null | undefined; data: (Without<InventoryAdjustmentCreateInput, 
InventoryAdjustmentUncheckedCreateInput> & InventoryAdjustmentUncheckedCreateInput) | (Without<...> & InventoryAdjustmentCreateInput); }'
[96msrc/inventory/inventory.service.ts[0m:[93m124[0m:[93m39[0m - [91merror[0m[90m TS2353: [0mObject literal may only specify known properties, and 'room' does not exist in type 
'InventoryItemInclude<DefaultArgs>'.

[7m124[0m       include: { inventoryType: true, room: true },
[7m   [0m [91m                                      ~~~~[0m

  [96mnode_modules/.prisma/client/index.d.ts[0m:[93m12938[0m:[93m5[0m
    [7m12938[0m     include?: InventoryItemInclude<ExtArgs> | null
    [7m     [0m [96m    ~~~~~~~[0m
    The expected type comes from property 'include' which is declared here on type '{ select?: InventoryItemSelect<DefaultArgs> | null | undefined; include?: InventoryItemInclude<DefaultArgs> | null | 
undefined; data: (Without<...> & InventoryItemUncheckedUpdateInput) | (Without<...> & InventoryItemUpdateInput); where: InventoryItemWhereUniqueInput; }'
[96msrc/inventory/inventory.service.ts[0m:[93m133[0m:[93m9[0m - [91merror[0m[90m TS2353: [0mObject literal may only specify known properties, and 'oldValue' does not exist in type 
'(Without<AuditLogCreateInput, AuditLogUncheckedCreateInput> & AuditLogUncheckedCreateInput) | (Without<...> & AuditLogCreateInput)'.

[7m133[0m         oldValue: JSON.stringify({ quantity: inventoryItem.quantity }),
[7m   [0m [91m        ~~~~~~~~[0m

  [96mnode_modules/.prisma/client/index.d.ts[0m:[93m28901[0m:[93m5[0m
    [7m28901[0m     data: XOR<AuditLogCreateInput, AuditLogUncheckedCreateInput>
    [7m     [0m [96m    ~~~~[0m
    The expected type comes from property 'data' which is declared here on type '{ select?: AuditLogSelect<DefaultArgs> | null | undefined; include?: AuditLogInclude<DefaultArgs> | null | undefined; 
data: (Without<...> & AuditLogUncheckedCreateInput) | (Without<...> & AuditLogCreateInput); }'
[96msrc/inventory/inventory.service.ts[0m:[93m161[0m:[93m39[0m - [91merror[0m[90m TS2353: [0mObject literal may only specify known properties, and 'strain' does not exist in type 
'InventoryItemInclude<DefaultArgs>'.

[7m161[0m       include: { inventoryType: true, strain: true },
[7m   [0m [91m                                      ~~~~~~[0m
[96msrc/inventory/inventory.service.ts[0m:[93m190[0m:[93m11[0m - [91merror[0m[90m TS2353: [0mObject literal may only specify known properties, and 'strainId' does not exist in type 
'Without<InventoryItemCreateInput, InventoryItemUncheckedCreateInput> & InventoryItemUncheckedCreateInput'.

[7m190[0m           strainId: parentItem.strainId,
[7m   [0m [91m          ~~~~~~~~[0m

  [96mnode_modules/.prisma/client/index.d.ts[0m:[93m12911[0m:[93m5[0m
    [7m12911[0m     data: XOR<InventoryItemCreateInput, InventoryItemUncheckedCreateInput>
    [7m     [0m [96m    ~~~~[0m
    The expected type comes from property 'data' which is declared here on type '{ select?: InventoryItemSelect<DefaultArgs> | null | undefined; include?: InventoryItemInclude<DefaultArgs> | null | 
undefined; data: (Without<...> & InventoryItemUncheckedCreateInput) | (Without<...> & InventoryItemCreateInput); }'
[96msrc/inventory/inventory.service.ts[0m:[93m190[0m:[93m32[0m - [91merror[0m[90m TS2339: [0mProperty 'strainId' does not exist on type 'GetResult<{ id: string; locationId: string; 
parentInventoryId: string | null; harvestedPlantId: string | null; harvestId: string | null; inventoryTypeId: string | null; inventoryTypeName: string | null; ... 11 more ...; deletedAt: Date | null; 
}, unknown> & {}'.

[7m190[0m           strainId: parentItem.strainId,
[7m   [0m [91m                               ~~~~~~~~[0m
[96msrc/inventory/inventory.service.ts[0m:[93m202[0m:[93m23[0m - [91merror[0m[90m TS2345: [0mArgument of type 'GetResult<{ id: string; locationId: string; parentInventoryId: string | null; 
harvestedPlantId: string | null; harvestId: string | null; inventoryTypeId: string | null; inventoryTypeName: string | null; ... 11 more ...; deletedAt: Date | null; }, unknown> & {}' is not assignable 
to parameter of type 'never'.

[7m202[0m       splitItems.push(splitItem);
[7m   [0m [91m                      ~~~~~~~~~[0m
[96msrc/inventory/inventory.service.ts[0m:[93m208[0m:[93m9[0m - [91merror[0m[90m TS2561: [0mObject literal may only specify known properties, but 'parentInventoryItemId' does not exist in 
type '(Without<InventorySplitCreateInput, InventorySplitUncheckedCreateInput> & InventorySplitUncheckedCreateInput) | (Without<...> & InventorySplitCreateInput)'. Did you mean to write 
'parentInventoryId'?

[7m208[0m         parentInventoryItemId: inventoryItemId,
[7m   [0m [91m        ~~~~~~~~~~~~~~~~~~~~~[0m

  [96mnode_modules/.prisma/client/index.d.ts[0m:[93m41404[0m:[93m5[0m
    [7m41404[0m     data: XOR<InventorySplitCreateInput, InventorySplitUncheckedCreateInput>
    [7m     [0m [96m    ~~~~[0m
    The expected type comes from property 'data' which is declared here on type '{ select?: InventorySplitSelect<DefaultArgs> | null | undefined; data: (Without<InventorySplitCreateInput, 
InventorySplitUncheckedCreateInput> & InventorySplitUncheckedCreateInput) | (Without<...> & InventorySplitCreateInput); }'
[96msrc/inventory/inventory.service.ts[0m:[93m228[0m:[93m9[0m - [91merror[0m[90m TS2353: [0mObject literal may only specify known properties, and 'oldValue' does not exist in type 
'(Without<AuditLogCreateInput, AuditLogUncheckedCreateInput> & AuditLogUncheckedCreateInput) | (Without<...> & AuditLogCreateInput)'.

[7m228[0m         oldValue: JSON.stringify({ quantity: parentItem.quantity }),
[7m   [0m [91m        ~~~~~~~~[0m

  [96mnode_modules/.prisma/client/index.d.ts[0m:[93m28901[0m:[93m5[0m
    [7m28901[0m     data: XOR<AuditLogCreateInput, AuditLogUncheckedCreateInput>
    [7m     [0m [96m    ~~~~[0m
    The expected type comes from property 'data' which is declared here on type '{ select?: AuditLogSelect<DefaultArgs> | null | undefined; include?: AuditLogInclude<DefaultArgs> | null | undefined; 
data: (Without<...> & AuditLogUncheckedCreateInput) | (Without<...> & AuditLogCreateInput); }'
[96msrc/inventory/inventory.service.ts[0m:[93m232[0m:[93m49[0m - [91merror[0m[90m TS2339: [0mProperty 'id' does not exist on type 'never'.

[7m232[0m           splitIds: splitItems.map(item => item.id),
[7m   [0m [91m                                                ~~[0m
[96msrc/inventory/inventory.service.ts[0m:[93m259[0m:[93m39[0m - [91merror[0m[90m TS2353: [0mObject literal may only specify known properties, and 'room' does not exist in type 
'InventoryItemInclude<DefaultArgs>'.

[7m259[0m       include: { inventoryType: true, room: true },
[7m   [0m [91m                                      ~~~~[0m
[96msrc/inventory/inventory.service.ts[0m:[93m315[0m:[93m11[0m - [91merror[0m[90m TS2353: [0mObject literal may only specify known properties, and 'strainId' does not exist in type 
'Without<InventoryItemCreateInput, InventoryItemUncheckedCreateInput> & InventoryItemUncheckedCreateInput'.

[7m315[0m           strainId: items[0].strainId,
[7m   [0m [91m          ~~~~~~~~[0m

  [96mnode_modules/.prisma/client/index.d.ts[0m:[93m12911[0m:[93m5[0m
    [7m12911[0m     data: XOR<InventoryItemCreateInput, InventoryItemUncheckedCreateInput>
    [7m     [0m [96m    ~~~~[0m
    The expected type comes from property 'data' which is declared here on type '{ select?: InventoryItemSelect<DefaultArgs> | null | undefined; include?: InventoryItemInclude<DefaultArgs> | null | 
undefined; data: (Without<...> & InventoryItemUncheckedCreateInput) | (Without<...> & InventoryItemCreateInput); }'
[96msrc/inventory/inventory.service.ts[0m:[93m315[0m:[93m30[0m - [91merror[0m[90m TS2339: [0mProperty 'strainId' does not exist on type 'GetResult<{ id: string; locationId: string; 
parentInventoryId: string | null; harvestedPlantId: string | null; harvestId: string | null; inventoryTypeId: string | null; inventoryTypeName: string | null; ... 11 more ...; deletedAt: Date | null; 
}, unknown> & {}'.

[7m315[0m           strainId: items[0].strainId,
[7m   [0m [91m                             ~~~~~~~~[0m
[96msrc/inventory/inventory.service.ts[0m:[93m328[0m:[93m9[0m - [91merror[0m[90m TS2561: [0mObject literal may only specify known properties, but 'targetInventoryItemId' does not exist in 
type '(Without<InventoryCombinationCreateInput, InventoryCombinationUncheckedCreateInput> & InventoryCombinationUncheckedCreateInput) | (Without<...> & InventoryCombinationCreateInput)'. Did you mean 
to write 'targetInventoryId'?

[7m328[0m         targetInventoryItemId: combinedItem.id,
[7m   [0m [91m        ~~~~~~~~~~~~~~~~~~~~~[0m

  [96mnode_modules/.prisma/client/index.d.ts[0m:[93m42305[0m:[93m5[0m
    [7m42305[0m     data: XOR<InventoryCombinationCreateInput, InventoryCombinationUncheckedCreateInput>
    [7m     [0m [96m    ~~~~[0m
    The expected type comes from property 'data' which is declared here on type '{ select?: InventoryCombinationSelect<DefaultArgs> | null | undefined; data: (Without<InventoryCombinationCreateInput, 
InventoryCombinationUncheckedCreateInput> & InventoryCombinationUncheckedCreateInput) | (Without<...> & InventoryCombinationCreateInput); }'
[96msrc/inventory/inventory.service.ts[0m:[93m349[0m:[93m9[0m - [91merror[0m[90m TS2353: [0mObject literal may only specify known properties, and 'oldValue' does not exist in type 
'(Without<AuditLogCreateInput, AuditLogUncheckedCreateInput> & AuditLogUncheckedCreateInput) | (Without<...> & AuditLogCreateInput)'.

[7m349[0m         oldValue: JSON.stringify({
[7m   [0m [91m        ~~~~~~~~[0m

  [96mnode_modules/.prisma/client/index.d.ts[0m:[93m28901[0m:[93m5[0m
    [7m28901[0m     data: XOR<AuditLogCreateInput, AuditLogUncheckedCreateInput>
    [7m     [0m [96m    ~~~~[0m
    The expected type comes from property 'data' which is declared here on type '{ select?: AuditLogSelect<DefaultArgs> | null | undefined; include?: AuditLogInclude<DefaultArgs> | null | undefined; 
data: (Without<...> & AuditLogUncheckedCreateInput) | (Without<...> & AuditLogCreateInput); }'
[96msrc/inventory/inventory.service.ts[0m:[93m417[0m:[93m7[0m - [91merror[0m[90m TS2322: [0mType '{ batchNumber: string; locationId: string; }' is not assignable to type 
'(Without<LotCreateInput, LotUncheckedCreateInput> & LotUncheckedCreateInput) | (Without<LotUncheckedCreateInput, LotCreateInput> & LotCreateInput)'.
  Type '{ batchNumber: string; locationId: string; }' is not assignable to type 'Without<LotUncheckedCreateInput, LotCreateInput> & LotCreateInput'.
    Type '{ batchNumber: string; locationId: string; }' is missing the following properties from type 'LotCreateInput': inventoryTypeId, totalQuantity, unit

[7m417[0m       data: {
[7m   [0m [91m      ~~~~[0m

  [96mnode_modules/.prisma/client/index.d.ts[0m:[93m31835[0m:[93m5[0m
    [7m31835[0m     data: XOR<LotCreateInput, LotUncheckedCreateInput>
    [7m     [0m [96m    ~~~~[0m
    The expected type comes from property 'data' which is declared here on type '{ select?: LotSelect<DefaultArgs> | null | undefined; data: (Without<LotCreateInput, LotUncheckedCreateInput> & 
LotUncheckedCreateInput) | (Without<...> & LotCreateInput); }'
[96msrc/inventory/inventory.service.ts[0m:[93m426[0m:[93m7[0m - [91merror[0m[90m TS2322: [0mType '{ barcode: string; inventoryTypeId: string; quantity: number; roomId: string; locationId: 
string; lotId: string; }' is not assignable to type '(Without<InventoryItemCreateInput, InventoryItemUncheckedCreateInput> & InventoryItemUncheckedCreateInput) | (Without<...> & 
InventoryItemCreateInput)'.
  Type '{ barcode: string; inventoryTypeId: string; quantity: number; roomId: string; locationId: string; lotId: string; }' is not assignable to type 'Without<InventoryItemCreateInput, 
InventoryItemUncheckedCreateInput> & InventoryItemUncheckedCreateInput'.
    Type '{ barcode: string; inventoryTypeId: string; quantity: number; roomId: string; locationId: string; lotId: string; }' is missing the following properties from type 
'InventoryItemUncheckedCreateInput': productName, unit

[7m426[0m       data: {
[7m   [0m [91m      ~~~~[0m

  [96mnode_modules/.prisma/client/index.d.ts[0m:[93m12911[0m:[93m5[0m
    [7m12911[0m     data: XOR<InventoryItemCreateInput, InventoryItemUncheckedCreateInput>
    [7m     [0m [96m    ~~~~[0m
    The expected type comes from property 'data' which is declared here on type '{ select?: InventoryItemSelect<DefaultArgs> | null | undefined; include?: InventoryItemInclude<DefaultArgs> | null | 
undefined; data: (Without<...> & InventoryItemUncheckedCreateInput) | (Without<...> & InventoryItemCreateInput); }'
[96msrc/inventory/inventory.service.ts[0m:[93m452[0m:[93m9[0m - [91merror[0m[90m TS2353: [0mObject literal may only specify known properties, and 'oldValue' does not exist in type 
'(Without<AuditLogCreateInput, AuditLogUncheckedCreateInput> & AuditLogUncheckedCreateInput) | (Without<...> & AuditLogCreateInput)'.

[7m452[0m         oldValue: JSON.stringify({
[7m   [0m [91m        ~~~~~~~~[0m

  [96mnode_modules/.prisma/client/index.d.ts[0m:[93m28901[0m:[93m5[0m
    [7m28901[0m     data: XOR<AuditLogCreateInput, AuditLogUncheckedCreateInput>
    [7m     [0m [96m    ~~~~[0m
    The expected type comes from property 'data' which is declared here on type '{ select?: AuditLogSelect<DefaultArgs> | null | undefined; include?: AuditLogInclude<DefaultArgs> | null | undefined; 
data: (Without<...> & AuditLogUncheckedCreateInput) | (Without<...> & AuditLogCreateInput); }'
[96msrc/inventory/inventory.service.ts[0m:[93m512[0m:[93m7[0m - [91merror[0m[90m TS2322: [0mType '{ barcode: string; inventoryTypeId: string; quantity: number; roomId: string | null; 
locationId: string; }' is not assignable to type '(Without<InventoryItemCreateInput, InventoryItemUncheckedCreateInput> & InventoryItemUncheckedCreateInput) | (Without<...> & InventoryItemCreateInput)'.
  Type '{ barcode: string; inventoryTypeId: string; quantity: number; roomId: string | null; locationId: string; }' is not assignable to type 'Without<InventoryItemCreateInput, 
InventoryItemUncheckedCreateInput> & InventoryItemUncheckedCreateInput'.
    Type '{ barcode: string; inventoryTypeId: string; quantity: number; roomId: string | null; locationId: string; }' is missing the following properties from type 'InventoryItemUncheckedCreateInput': 
productName, unit

[7m512[0m       data: {
[7m   [0m [91m      ~~~~[0m

  [96mnode_modules/.prisma/client/index.d.ts[0m:[93m12911[0m:[93m5[0m
    [7m12911[0m     data: XOR<InventoryItemCreateInput, InventoryItemUncheckedCreateInput>
    [7m     [0m [96m    ~~~~[0m
    The expected type comes from property 'data' which is declared here on type '{ select?: InventoryItemSelect<DefaultArgs> | null | undefined; include?: InventoryItemInclude<DefaultArgs> | null | 
undefined; data: (Without<...> & InventoryItemUncheckedCreateInput) | (Without<...> & InventoryItemCreateInput); }'
[96msrc/inventory/inventory.service.ts[0m:[93m544[0m:[93m9[0m - [91merror[0m[90m TS2353: [0mObject literal may only specify known properties, and 'oldValue' does not exist in type 
'(Without<AuditLogCreateInput, AuditLogUncheckedCreateInput> & AuditLogUncheckedCreateInput) | (Without<...> & AuditLogCreateInput)'.

[7m544[0m         oldValue: JSON.stringify({
[7m   [0m [91m        ~~~~~~~~[0m

  [96mnode_modules/.prisma/client/index.d.ts[0m:[93m28901[0m:[93m5[0m
    [7m28901[0m     data: XOR<AuditLogCreateInput, AuditLogUncheckedCreateInput>
    [7m     [0m [96m    ~~~~[0m
    The expected type comes from property 'data' which is declared here on type '{ select?: AuditLogSelect<DefaultArgs> | null | undefined; include?: AuditLogInclude<DefaultArgs> | null | undefined; 
data: (Without<...> & AuditLogUncheckedCreateInput) | (Without<...> & AuditLogCreateInput); }'
[96msrc/inventory/inventory.service.ts[0m:[93m582[0m:[93m44[0m - [91merror[0m[90m TS2339: [0mProperty 'action' does not exist on type 'GetResult<{ id: string; userId: string | null; module: 
string; entityType: string; entityId: string; actionType: string; details: JsonValue; createdAt: Date; }, unknown> & {}'.

[7m582[0m     if (!undoableActions.includes(auditLog.action)) {
[7m   [0m [91m                                           ~~~~~~[0m
[96msrc/inventory/inventory.service.ts[0m:[93m583[0m:[93m60[0m - [91merror[0m[90m TS2339: [0mProperty 'action' does not exist on type 'GetResult<{ id: string; userId: string | null; module: 
string; entityType: string; entityId: string; actionType: string; details: JsonValue; createdAt: Date; }, unknown> & {}'.

[7m583[0m       throw new BadRequestException(`Operation "${auditLog.action}" cannot be undone`);
[7m   [0m [91m                                                           ~~~~~~[0m
[96msrc/inventory/inventory.service.ts[0m:[93m587[0m:[93m42[0m - [91merror[0m[90m TS2339: [0mProperty 'oldValue' does not exist on type 'GetResult<{ id: string; userId: string | null; module: 
string; entityType: string; entityId: string; actionType: string; details: JsonValue; createdAt: Date; }, unknown> & {}'.

[7m587[0m     const oldValue = JSON.parse(auditLog.oldValue || '{}');
[7m   [0m [91m                                         ~~~~~~~~[0m
[96msrc/inventory/inventory.service.ts[0m:[93m588[0m:[93m42[0m - [91merror[0m[90m TS2339: [0mProperty 'newValue' does not exist on type 'GetResult<{ id: string; userId: string | null; module: 
string; entityType: string; entityId: string; actionType: string; details: JsonValue; createdAt: Date; }, unknown> & {}'.

[7m588[0m     const newValue = JSON.parse(auditLog.newValue || '{}');
[7m   [0m [91m                                         ~~~~~~~~[0m
[96msrc/inventory/inventory.service.ts[0m:[93m593[0m:[93m22[0m - [91merror[0m[90m TS2339: [0mProperty 'action' does not exist on type 'GetResult<{ id: string; userId: string | null; module: 
string; entityType: string; entityId: string; actionType: string; details: JsonValue; createdAt: Date; }, unknown> & {}'.

[7m593[0m     switch (auditLog.action) {
[7m   [0m [91m                     ~~~~~~[0m
[96msrc/inventory/inventory.service.ts[0m:[93m622[0m:[93m9[0m - [91merror[0m[90m TS2353: [0mObject literal may only specify known properties, and 'oldValue' does not exist in type 
'(Without<AuditLogCreateInput, AuditLogUncheckedCreateInput> & AuditLogUncheckedCreateInput) | (Without<...> & AuditLogCreateInput)'.

[7m622[0m         oldValue: auditLog.newValue,
[7m   [0m [91m        ~~~~~~~~[0m

  [96mnode_modules/.prisma/client/index.d.ts[0m:[93m28901[0m:[93m5[0m
    [7m28901[0m     data: XOR<AuditLogCreateInput, AuditLogUncheckedCreateInput>
    [7m     [0m [96m    ~~~~[0m
    The expected type comes from property 'data' which is declared here on type '{ select?: AuditLogSelect<DefaultArgs> | null | undefined; include?: AuditLogInclude<DefaultArgs> | null | undefined; 
data: (Without<...> & AuditLogUncheckedCreateInput) | (Without<...> & AuditLogCreateInput); }'
[96msrc/inventory/inventory.service.ts[0m:[93m622[0m:[93m28[0m - [91merror[0m[90m TS2339: [0mProperty 'newValue' does not exist on type 'GetResult<{ id: string; userId: string | null; module: 
string; entityType: string; entityId: string; actionType: string; details: JsonValue; createdAt: Date; }, unknown> & {}'.

[7m622[0m         oldValue: auditLog.newValue,
[7m   [0m [91m                           ~~~~~~~~[0m
[96msrc/inventory/inventory.service.ts[0m:[93m623[0m:[93m28[0m - [91merror[0m[90m TS2339: [0mProperty 'oldValue' does not exist on type 'GetResult<{ id: string; userId: string | null; module: 
string; entityType: string; entityId: string; actionType: string; details: JsonValue; createdAt: Date; }, unknown> & {}'.

[7m623[0m         newValue: auditLog.oldValue,
[7m   [0m [91m                           ~~~~~~~~[0m
[96msrc/inventory/inventory.service.ts[0m:[93m640[0m:[93m11[0m - [91merror[0m[90m TS2561: [0mObject literal may only specify known properties, but 'inventoryItem' does not exist in type 
'InventoryAdjustmentWhereInput'. Did you mean to write 'inventoryItemId'?

[7m640[0m           inventoryItem: {
[7m   [0m [91m          ~~~~~~~~~~~~~[0m
[96msrc/inventory/inventory.service.ts[0m:[93m658[0m:[93m11[0m - [91merror[0m[90m TS2561: [0mObject literal may only specify known properties, but 'inventoryItem' does not exist in type 
'InventoryAdjustmentWhereInput'. Did you mean to write 'inventoryItemId'?

[7m658[0m           inventoryItem: {
[7m   [0m [91m          ~~~~~~~~~~~~~[0m
[96msrc/inventory/inventory.service.ts[0m:[93m685[0m:[93m11[0m - [91merror[0m[90m TS2561: [0mObject literal may only specify known properties, but 'parentInventoryItem' does not exist in type 
'InventorySplitWhereInput'. Did you mean to write 'parentInventoryId'?

[7m685[0m           parentInventoryItem: {
[7m   [0m [91m          ~~~~~~~~~~~~~~~~~~~[0m
[96msrc/inventory/inventory.service.ts[0m:[93m702[0m:[93m11[0m - [91merror[0m[90m TS2561: [0mObject literal may only specify known properties, but 'parentInventoryItem' does not exist in type 
'InventorySplitWhereInput'. Did you mean to write 'parentInventoryId'?

[7m702[0m           parentInventoryItem: {
[7m   [0m [91m          ~~~~~~~~~~~~~~~~~~~[0m
[96msrc/inventory/inventory.service.ts[0m:[93m729[0m:[93m11[0m - [91merror[0m[90m TS2561: [0mObject literal may only specify known properties, but 'targetInventoryItem' does not exist in type 
'InventoryCombinationWhereInput'. Did you mean to write 'targetInventoryId'?

[7m729[0m           targetInventoryItem: {
[7m   [0m [91m          ~~~~~~~~~~~~~~~~~~~[0m
[96msrc/inventory/inventory.service.ts[0m:[93m747[0m:[93m11[0m - [91merror[0m[90m TS2561: [0mObject literal may only specify known properties, but 'targetInventoryItem' does not exist in type 
'InventoryCombinationWhereInput'. Did you mean to write 'targetInventoryId'?

[7m747[0m           targetInventoryItem: {
[7m   [0m [91m          ~~~~~~~~~~~~~~~~~~~[0m
[96msrc/lab/lab.service.ts[0m:[93m17[0m:[93m9[0m - [91merror[0m[90m TS2353: [0mObject literal may only specify known properties, and 'inventoryItem' does not exist in type 
'SampleInclude<DefaultArgs>'.

[7m17[0m         inventoryItem: true,
[7m  [0m [91m        ~~~~~~~~~~~~~[0m
[96msrc/lab/lab.service.ts[0m:[93m25[0m:[93m16[0m - [91merror[0m[90m TS2551: [0mProperty 'inventoryItem' does not exist on type 'GetResult<{ id: string; inventoryItemId: string; 
labLocationId: string | null; sampleBarcode: string; panelId: string | null; quantity: number; unit: string; status: string; voidedAt: Date | null; ... 4 more ...; deletedAt: Date | null; }, unknown> & 
{}'. Did you mean 'inventoryItemId'?

[7m25[0m     if (sample.inventoryItem.locationId !== locationId) {
[7m  [0m [91m               ~~~~~~~~~~~~~[0m
[96msrc/lab/lab.service.ts[0m:[93m37[0m:[93m9[0m - [91merror[0m[90m TS2353: [0mObject literal may only specify known properties, and 'testType' does not exist in type 
'Without<TestResultCreateInput, TestResultUncheckedCreateInput> & TestResultUncheckedCreateInput'.

[7m37[0m         testType: dto.testType,
[7m  [0m [91m        ~~~~~~~~[0m

  [96mnode_modules/.prisma/client/index.d.ts[0m:[93m38616[0m:[93m5[0m
    [7m38616[0m     data: XOR<TestResultCreateInput, TestResultUncheckedCreateInput>
    [7m     [0m [96m    ~~~~[0m
    The expected type comes from property 'data' which is declared here on type '{ select?: TestResultSelect<DefaultArgs> | null | undefined; include?: TestResultInclude<DefaultArgs> | null | 
undefined; data: (Without<...> & TestResultUncheckedCreateInput) | (Without<...> & TestResultCreateInput); }'
[96msrc/lab/lab.service.ts[0m:[93m59[0m:[93m9[0m - [91merror[0m[90m TS2353: [0mObject literal may only specify known properties, and 'newValue' does not exist in type 
'Without<AuditLogCreateInput, AuditLogUncheckedCreateInput> & AuditLogUncheckedCreateInput'.

[7m59[0m         newValue: JSON.stringify(testResult),
[7m  [0m [91m        ~~~~~~~~[0m

  [96mnode_modules/.prisma/client/index.d.ts[0m:[93m28901[0m:[93m5[0m
    [7m28901[0m     data: XOR<AuditLogCreateInput, AuditLogUncheckedCreateInput>
    [7m     [0m [96m    ~~~~[0m
    The expected type comes from property 'data' which is declared here on type '{ select?: AuditLogSelect<DefaultArgs> | null | undefined; include?: AuditLogInclude<DefaultArgs> | null | undefined; 
data: (Without<...> & AuditLogUncheckedCreateInput) | (Without<...> & AuditLogCreateInput); }'
[96msrc/lab/lab.service.ts[0m:[93m74[0m:[93m9[0m - [91merror[0m[90m TS2353: [0mObject literal may only specify known properties, and 'inventoryItem' does not exist in type 
'SampleInclude<DefaultArgs>'.

[7m74[0m         inventoryItem: true,
[7m  [0m [91m        ~~~~~~~~~~~~~[0m
[96msrc/lab/lab.service.ts[0m:[93m83[0m:[93m16[0m - [91merror[0m[90m TS2551: [0mProperty 'inventoryItem' does not exist on type 'GetResult<{ id: string; inventoryItemId: string; 
labLocationId: string | null; sampleBarcode: string; panelId: string | null; quantity: number; unit: string; status: string; voidedAt: Date | null; ... 4 more ...; deletedAt: Date | null; }, unknown> & 
{}'. Did you mean 'inventoryItemId'?

[7m83[0m     if (sample.inventoryItem.locationId !== locationId) {
[7m  [0m [91m               ~~~~~~~~~~~~~[0m
[96msrc/lab/lab.service.ts[0m:[93m92[0m:[93m35[0m - [91merror[0m[90m TS2339: [0mProperty 'testResults' does not exist on type 'GetResult<{ id: string; inventoryItemId: string; labLocationId: 
string | null; sampleBarcode: string; panelId: string | null; quantity: number; unit: string; status: string; voidedAt: Date | null; ... 4 more ...; deletedAt: Date | null; }, unknown> & {}'.

[7m92[0m     const hasFailedTests = sample.testResults.some(tr => tr.result === 'FAIL');
[7m  [0m [91m                                  ~~~~~~~~~~~[0m
[96msrc/lab/lab.service.ts[0m:[93m101[0m:[93m23[0m - [91merror[0m[90m TS2339: [0mProperty 'labName' does not exist on type 'GetResult<{ id: string; inventoryItemId: string; labLocationId: 
string | null; sampleBarcode: string; panelId: string | null; quantity: number; unit: string; status: string; voidedAt: Date | null; ... 4 more ...; deletedAt: Date | null; }, unknown> & {}'.

[7m101[0m       labName: sample.labName,
[7m   [0m [91m                      ~~~~~~~[0m
[96msrc/lab/lab.service.ts[0m:[93m102[0m:[93m26[0m - [91merror[0m[90m TS2339: [0mProperty 'sampleType' does not exist on type 'GetResult<{ id: string; inventoryItemId: string; labLocationId: 
string | null; sampleBarcode: string; panelId: string | null; quantity: number; unit: string; status: string; voidedAt: Date | null; ... 4 more ...; deletedAt: Date | null; }, unknown> & {}'.

[7m102[0m       sampleType: sample.sampleType,
[7m   [0m [91m                         ~~~~~~~~~~[0m
[96msrc/lab/lab.service.ts[0m:[93m103[0m:[93m27[0m - [91merror[0m[90m TS2339: [0mProperty 'testResults' does not exist on type 'GetResult<{ id: string; inventoryItemId: string; labLocationId: 
string | null; sampleBarcode: string; panelId: string | null; quantity: number; unit: string; status: string; voidedAt: Date | null; ... 4 more ...; deletedAt: Date | null; }, unknown> & {}'.

[7m103[0m       testResults: sample.testResults,
[7m   [0m [91m                          ~~~~~~~~~~~[0m
[96msrc/lab/lab.service.ts[0m:[93m112[0m:[93m9[0m - [91merror[0m[90m TS2353: [0mObject literal may only specify known properties, and 'coaGenerated' does not exist in type 
'(Without<SampleUpdateInput, SampleUncheckedUpdateInput> & SampleUncheckedUpdateInput) | (Without<...> & SampleUpdateInput)'.

[7m112[0m         coaGenerated: true,
[7m   [0m [91m        ~~~~~~~~~~~~[0m

  [96mnode_modules/.prisma/client/index.d.ts[0m:[93m37661[0m:[93m5[0m
    [7m37661[0m     data: XOR<SampleUpdateInput, SampleUncheckedUpdateInput>
    [7m     [0m [96m    ~~~~[0m
    The expected type comes from property 'data' which is declared here on type '{ select?: SampleSelect<DefaultArgs> | null | undefined; include?: SampleInclude<DefaultArgs> | null | undefined; data: 
(Without<...> & SampleUncheckedUpdateInput) | (Without<...> & SampleUpdateInput); where: SampleWhereUniqueInput; }'
[96msrc/lab/lab.service.ts[0m:[93m125[0m:[93m9[0m - [91merror[0m[90m TS2353: [0mObject literal may only specify known properties, and 'newValue' does not exist in type 
'Without<AuditLogCreateInput, AuditLogUncheckedCreateInput> & AuditLogUncheckedCreateInput'.

[7m125[0m         newValue: JSON.stringify(coa),
[7m   [0m [91m        ~~~~~~~~[0m

  [96mnode_modules/.prisma/client/index.d.ts[0m:[93m28901[0m:[93m5[0m
    [7m28901[0m     data: XOR<AuditLogCreateInput, AuditLogUncheckedCreateInput>
    [7m     [0m [96m    ~~~~[0m
    The expected type comes from property 'data' which is declared here on type '{ select?: AuditLogSelect<DefaultArgs> | null | undefined; include?: AuditLogInclude<DefaultArgs> | null | undefined; 
data: (Without<...> & AuditLogUncheckedCreateInput) | (Without<...> & AuditLogCreateInput); }'
[96msrc/lab/lab.service.ts[0m:[93m136[0m:[93m9[0m - [91merror[0m[90m TS2353: [0mObject literal may only specify known properties, and 'deletedAt' does not exist in type 'TestResultWhereInput'.

[7m136[0m         deletedAt: null,
[7m   [0m [91m        ~~~~~~~~~[0m
[96msrc/lab/lab.service.ts[0m:[93m141[0m:[93m13[0m - [91merror[0m[90m TS2353: [0mObject literal may only specify known properties, and 'inventoryItem' does not exist in type 
'SampleInclude<DefaultArgs>'.

[7m141[0m             inventoryItem: true,
[7m   [0m [91m            ~~~~~~~~~~~~~[0m
[96msrc/lab/lab.service.ts[0m:[93m151[0m:[93m20[0m - [91merror[0m[90m TS2551: [0mProperty 'sample' does not exist on type 'GetResult<{ id: string; sampleId: string; testName: string; result: 
JsonValue; pass: boolean; coaUrl: string | null; testedBy: string | null; testedAt: Date | null; createdAt: Date; updatedAt: Date; }, unknown> & {}'. Did you mean 'sampleId'?

[7m151[0m     if (testResult.sample.inventoryItem.locationId !== locationId) {
[7m   [0m [91m                   ~~~~~~[0m
[96msrc/lab/lab.service.ts[0m:[93m187[0m:[93m15[0m - [91merror[0m[90m TS2353: [0mObject literal may only specify known properties, and 'sampleType' does not exist in type 
'SampleSelect<DefaultArgs>'.

[7m187[0m               sampleType: true,
[7m   [0m [91m              ~~~~~~~~~~[0m
[96msrc/lab/lab.service.ts[0m:[93m218[0m:[93m9[0m - [91merror[0m[90m TS2353: [0mObject literal may only specify known properties, and 'coaGenerated' does not exist in type 'SampleWhereInput'.

[7m218[0m         coaGenerated: true,
[7m   [0m [91m        ~~~~~~~~~~~~[0m
[96msrc/lab/lab.service.ts[0m:[93m221[0m:[93m9[0m - [91merror[0m[90m TS2353: [0mObject literal may only specify known properties, and 'inventoryItem' does not exist in type 
'SampleInclude<DefaultArgs>'.

[7m221[0m         inventoryItem: true,
[7m   [0m [91m        ~~~~~~~~~~~~~[0m
[96msrc/lab/lab.service.ts[0m:[93m230[0m:[93m16[0m - [91merror[0m[90m TS2551: [0mProperty 'inventoryItem' does not exist on type 'GetResult<{ id: string; inventoryItemId: string; 
labLocationId: string | null; sampleBarcode: string; panelId: string | null; quantity: number; unit: string; status: string; voidedAt: Date | null; ... 4 more ...; deletedAt: Date | null; }, unknown> & 
{}'. Did you mean 'inventoryItemId'?

[7m230[0m     if (sample.inventoryItem.locationId !== locationId) {
[7m   [0m [91m               ~~~~~~~~~~~~~[0m
[96msrc/lab/lab.service.ts[0m:[93m236[0m:[93m35[0m - [91merror[0m[90m TS2339: [0mProperty 'coaCertificationNumber' does not exist on type 'GetResult<{ id: string; inventoryItemId: string; 
labLocationId: string | null; sampleBarcode: string; panelId: string | null; quantity: number; unit: string; status: string; voidedAt: Date | null; ... 4 more ...; deletedAt: Date | null; }, unknown> & 
{}'.

[7m236[0m       certificationNumber: sample.coaCertificationNumber,
[7m   [0m [91m                                  ~~~~~~~~~~~~~~~~~~~~~~[0m
[96msrc/lab/lab.service.ts[0m:[93m237[0m:[93m23[0m - [91merror[0m[90m TS2339: [0mProperty 'labName' does not exist on type 'GetResult<{ id: string; inventoryItemId: string; labLocationId: 
string | null; sampleBarcode: string; panelId: string | null; quantity: number; unit: string; status: string; voidedAt: Date | null; ... 4 more ...; deletedAt: Date | null; }, unknown> & {}'.

[7m237[0m       labName: sample.labName,
[7m   [0m [91m                      ~~~~~~~[0m
[96msrc/lab/lab.service.ts[0m:[93m238[0m:[93m26[0m - [91merror[0m[90m TS2339: [0mProperty 'sampleType' does not exist on type 'GetResult<{ id: string; inventoryItemId: string; labLocationId: 
string | null; sampleBarcode: string; panelId: string | null; quantity: number; unit: string; status: string; voidedAt: Date | null; ... 4 more ...; deletedAt: Date | null; }, unknown> & {}'.

[7m238[0m       sampleType: sample.sampleType,
[7m   [0m [91m                         ~~~~~~~~~~[0m
[96msrc/lab/lab.service.ts[0m:[93m239[0m:[93m27[0m - [91merror[0m[90m TS2339: [0mProperty 'testResults' does not exist on type 'GetResult<{ id: string; inventoryItemId: string; labLocationId: 
string | null; sampleBarcode: string; panelId: string | null; quantity: number; unit: string; status: string; voidedAt: Date | null; ... 4 more ...; deletedAt: Date | null; }, unknown> & {}'.

[7m239[0m       testResults: sample.testResults,
[7m   [0m [91m                          ~~~~~~~~~~~[0m
[96msrc/lab/lab.service.ts[0m:[93m240[0m:[93m27[0m - [91merror[0m[90m TS2339: [0mProperty 'coaGeneratedAt' does not exist on type 'GetResult<{ id: string; inventoryItemId: string; 
labLocationId: string | null; sampleBarcode: string; panelId: string | null; quantity: number; unit: string; status: string; voidedAt: Date | null; ... 4 more ...; deletedAt: Date | null; }, unknown> & 
{}'.

[7m240[0m       generatedAt: sample.coaGeneratedAt,
[7m   [0m [91m                          ~~~~~~~~~~~~~~[0m
[96msrc/licensee-reporting/licensee-reporting.controller.ts[0m:[93m14[0m:[93m30[0m - [91merror[0m[90m TS2307: [0mCannot find module '../auth/guards/jwt-auth.guard' or its corresponding type 
declarations.

[7m14[0m import { JwtAuthGuard } from '../auth/guards/jwt-auth.guard';
[7m  [0m [91m                             ~~~~~~~~~~~~~~~~~~~~~~~~~~~~~~~[0m
[96msrc/licensee-reporting/licensee-reporting.controller.ts[0m:[93m15[0m:[93m28[0m - [91merror[0m[90m TS2307: [0mCannot find module '../auth/guards/roles.guard' or its corresponding type 
declarations.

[7m15[0m import { RolesGuard } from '../auth/guards/roles.guard';
[7m  [0m [91m                           ~~~~~~~~~~~~~~~~~~~~~~~~~~~~[0m
[96msrc/licensee-reporting/licensee-reporting.controller.ts[0m:[93m16[0m:[93m23[0m - [91merror[0m[90m TS2307: [0mCannot find module '../auth/decorators/roles.decorator' or its corresponding 
type declarations.

[7m16[0m import { Roles } from '../auth/decorators/roles.decorator';
[7m  [0m [91m                      ~~~~~~~~~~~~~~~~~~~~~~~~~~~~~~~~~~~~[0m
[96msrc/licensee-reporting/licensee-reporting.controller.ts[0m:[93m17[0m:[93m29[0m - [91merror[0m[90m TS2307: [0mCannot find module '../auth/decorators/current-user.decorator' or its 
corresponding type declarations.

[7m17[0m import { CurrentUser } from '../auth/decorators/current-user.decorator';
[7m  [0m [91m                            ~~~~~~~~~~~~~~~~~~~~~~~~~~~~~~~~~~~~~~~~~~~[0m
[96msrc/licensee-reporting/licensee-reporting.service.ts[0m:[93m34[0m:[93m9[0m - [91merror[0m[90m TS2353: [0mObject literal may only specify known properties, and 'deletedAt' does not exist 
in type 'SaleWhereInput'.

[7m34[0m         deletedAt: null,
[7m  [0m [91m        ~~~~~~~~~[0m
[96msrc/licensee-reporting/licensee-reporting.service.ts[0m:[93m39[0m:[93m13[0m - [91merror[0m[90m TS2353: [0mObject literal may only specify known properties, and 'inventory' does not exist 
in type 'SaleItemInclude<DefaultArgs>'.

[7m39[0m             inventory: true,
[7m  [0m [91m            ~~~~~~~~~[0m
[96msrc/licensee-reporting/licensee-reporting.service.ts[0m:[93m52[0m:[93m12[0m - [91merror[0m[90m TS2339: [0mProperty 'saleItems' does not exist on type 'GetResult<{ id: string; customerId: 
string | null; userId: string | null; totalAmount: number; status: string; voidedAt: Date | null; voidReason: string | null; createdAt: Date; updatedAt: Date; }, unknown> & {}'.

[7m52[0m       sale.saleItems.forEach((item) => {
[7m  [0m [91m           ~~~~~~~~~[0m
[96msrc/licensee-reporting/licensee-reporting.service.ts[0m:[93m76[0m:[93m21[0m - [91merror[0m[90m TS2339: [0mProperty 'saleItems' does not exist on type 'GetResult<{ id: string; customerId: 
string | null; userId: string | null; totalAmount: number; status: string; voidedAt: Date | null; voidReason: string | null; createdAt: Date; updatedAt: Date; }, unknown> & {}'.

[7m76[0m         items: sale.saleItems.length,
[7m  [0m [91m                    ~~~~~~~~~[0m
[96msrc/licensee-reporting/licensee-reporting.service.ts[0m:[93m85[0m:[93m9[0m - [91merror[0m[90m TS2322: [0mType '{ startDate: Date; endDate: Date; locationId: string | undefined; }' is not 
assignable to type 'InputJsonValue | NullableJsonNullValueInput | undefined'.
  Types of property 'startDate' are incompatible.
    Type 'Date' is not assignable to type 'InputJsonValue | null | undefined'.
      Type 'Date' is not assignable to type 'InputJsonObject'.
        Index signature for type 'string' is missing in type 'Date'.

[7m85[0m         details: { startDate, endDate, locationId: dto.locationId },
[7m  [0m [91m        ~~~~~~~[0m

  [96mnode_modules/.prisma/client/index.d.ts[0m:[93m47492[0m:[93m5[0m
    [7m47492[0m     details?: NullableJsonNullValueInput | InputJsonValue
    [7m     [0m [96m    ~~~~~~~[0m
    The expected type comes from property 'details' which is declared here on type '(Without<AuditLogCreateInput, AuditLogUncheckedCreateInput> & AuditLogUncheckedCreateInput) | (Without<...> & 
AuditLogCreateInput)'
[96msrc/licensee-reporting/licensee-reporting.service.ts[0m:[93m117[0m:[93m9[0m - [91merror[0m[90m TS2353: [0mObject literal may only specify known properties, and 'room' does not exist in 
type 'InventoryItemInclude<DefaultArgs>'.

[7m117[0m         room: true,
[7m   [0m [91m        ~~~~[0m
[96msrc/licensee-reporting/licensee-reporting.service.ts[0m:[93m125[0m:[93m85[0m - [91merror[0m[90m TS2339: [0mProperty 'costPerUnit' does not exist on type 'GetResult<{ id: string; 
locationId: string; parentInventoryId: string | null; harvestedPlantId: string | null; harvestId: string | null; inventoryTypeId: string | null; inventoryTypeName: string | null; ... 11 more ...; 
deletedAt: Date | null; }, unknown> & {}'.

[7m125[0m     const totalValue = inventory.reduce((sum, item) => sum + (item.quantity * (item.costPerUnit || 0)), 0);
[7m   [0m [91m                                                                                    ~~~~~~~~~~~[0m
[96msrc/licensee-reporting/licensee-reporting.service.ts[0m:[93m129[0m:[93m25[0m - [91merror[0m[90m TS2339: [0mProperty 'type' does not exist on type 'GetResult<{ id: string; locationId: 
string; parentInventoryId: string | null; harvestedPlantId: string | null; harvestId: string | null; inventoryTypeId: string | null; inventoryTypeName: string | null; ... 11 more ...; deletedAt: Date | 
null; }, unknown> & {}'.

[7m129[0m       const type = item.type || 'Other';
[7m   [0m [91m                        ~~~~[0m
[96msrc/licensee-reporting/licensee-reporting.service.ts[0m:[93m135[0m:[93m48[0m - [91merror[0m[90m TS2339: [0mProperty 'costPerUnit' does not exist on type 'GetResult<{ id: string; 
locationId: string; parentInventoryId: string | null; harvestedPlantId: string | null; harvestId: string | null; inventoryTypeId: string | null; inventoryTypeName: string | null; ... 11 more ...; 
deletedAt: Date | null; }, unknown> & {}'.

[7m135[0m       acc[type].value += item.quantity * (item.costPerUnit || 0);
[7m   [0m [91m                                               ~~~~~~~~~~~[0m
[96msrc/licensee-reporting/licensee-reporting.service.ts[0m:[93m152[0m:[93m22[0m - [91merror[0m[90m TS2339: [0mProperty 'strain' does not exist on type 'GetResult<{ id: string; locationId: 
string; parentInventoryId: string | null; harvestedPlantId: string | null; harvestId: string | null; inventoryTypeId: string | null; inventoryTypeName: string | null; ... 11 more ...; deletedAt: Date | 
null; }, unknown> & {}'.

[7m152[0m         strain: item.strain,
[7m   [0m [91m                     ~~~~~~[0m
[96msrc/licensee-reporting/licensee-reporting.service.ts[0m:[93m153[0m:[93m20[0m - [91merror[0m[90m TS2339: [0mProperty 'type' does not exist on type 'GetResult<{ id: string; locationId: 
string; parentInventoryId: string | null; harvestedPlantId: string | null; harvestId: string | null; inventoryTypeId: string | null; inventoryTypeName: string | null; ... 11 more ...; deletedAt: Date | 
null; }, unknown> & {}'.

[7m153[0m         type: item.type,
[7m   [0m [91m                   ~~~~[0m
[96msrc/licensee-reporting/licensee-reporting.service.ts[0m:[93m155[0m:[93m20[0m - [91merror[0m[90m TS2339: [0mProperty 'room' does not exist on type 'GetResult<{ id: string; locationId: 
string; parentInventoryId: string | null; harvestedPlantId: string | null; harvestId: string | null; inventoryTypeId: string | null; inventoryTypeName: string | null; ... 11 more ...; deletedAt: Date | 
null; }, unknown> & {}'.

[7m155[0m         room: item.room?.name,
[7m   [0m [91m                   ~~~~[0m
[96msrc/licensee-reporting/licensee-reporting.service.ts[0m:[93m159[0m:[93m22[0m - [91merror[0m[90m TS2339: [0mProperty 'strain' does not exist on type 'GetResult<{ id: string; locationId: 
string; parentInventoryId: string | null; harvestedPlantId: string | null; harvestId: string | null; inventoryTypeId: string | null; inventoryTypeName: string | null; ... 11 more ...; deletedAt: Date | 
null; }, unknown> & {}'.

[7m159[0m         strain: item.strain,
[7m   [0m [91m                     ~~~~~~[0m
[96msrc/licensee-reporting/licensee-reporting.service.ts[0m:[93m160[0m:[93m20[0m - [91merror[0m[90m TS2339: [0mProperty 'type' does not exist on type 'GetResult<{ id: string; locationId: 
string; parentInventoryId: string | null; harvestedPlantId: string | null; harvestId: string | null; inventoryTypeId: string | null; inventoryTypeName: string | null; ... 11 more ...; deletedAt: Date | 
null; }, unknown> & {}'.

[7m160[0m         type: item.type,
[7m   [0m [91m                   ~~~~[0m
[96msrc/licensee-reporting/licensee-reporting.service.ts[0m:[93m162[0m:[93m38[0m - [91merror[0m[90m TS2339: [0mProperty 'costPerUnit' does not exist on type 'GetResult<{ id: string; 
locationId: string; parentInventoryId: string | null; harvestedPlantId: string | null; harvestId: string | null; inventoryTypeId: string | null; inventoryTypeName: string | null; ... 11 more ...; 
deletedAt: Date | null; }, unknown> & {}'.

[7m162[0m         value: item.quantity * (item.costPerUnit || 0),
[7m   [0m [91m                                     ~~~~~~~~~~~[0m
[96msrc/licensee-reporting/licensee-reporting.service.ts[0m:[93m163[0m:[93m20[0m - [91merror[0m[90m TS2339: [0mProperty 'room' does not exist on type 'GetResult<{ id: string; locationId: 
string; parentInventoryId: string | null; harvestedPlantId: string | null; harvestId: string | null; inventoryTypeId: string | null; inventoryTypeName: string | null; ... 11 more ...; deletedAt: Date | 
null; }, unknown> & {}'.

[7m163[0m         room: item.room?.name,
[7m   [0m [91m                   ~~~~[0m
[96msrc/licensee-reporting/licensee-reporting.service.ts[0m:[93m169[0m:[93m7[0m - [91merror[0m[90m TS2322: [0mType '{ actionType: string; userId: string; details: { locationId: string | 
undefined; type: string | undefined; }; }' is not assignable to type '(Without<AuditLogCreateInput, AuditLogUncheckedCreateInput> & AuditLogUncheckedCreateInput) | (Without<...> & AuditLogCreateInput)'.
  Type '{ actionType: string; userId: string; details: { locationId: string | undefined; type: string | undefined; }; }' is not assignable to type 'Without<AuditLogCreateInput, 
AuditLogUncheckedCreateInput> & AuditLogUncheckedCreateInput'.
    Type '{ actionType: string; userId: string; details: { locationId: string | undefined; type: string | undefined; }; }' is missing the following properties from type 'AuditLogUncheckedCreateInput': 
module, entityType, entityId

[7m169[0m       data: {
[7m   [0m [91m      ~~~~[0m

  [96mnode_modules/.prisma/client/index.d.ts[0m:[93m28901[0m:[93m5[0m
    [7m28901[0m     data: XOR<AuditLogCreateInput, AuditLogUncheckedCreateInput>
    [7m     [0m [96m    ~~~~[0m
    The expected type comes from property 'data' which is declared here on type '{ select?: AuditLogSelect<DefaultArgs> | null | undefined; include?: AuditLogInclude<DefaultArgs> | null | undefined; 
data: (Without<...> & AuditLogUncheckedCreateInput) | (Without<...> & AuditLogCreateInput); }'
[96msrc/licensee-reporting/licensee-reporting.service.ts[0m:[93m194[0m:[93m40[0m - [91merror[0m[90m TS2339: [0mProperty 'redFlag' does not exist on type 'PrismaService'.

[7m194[0m     const redFlags = await this.prisma.redFlag.findMany({
[7m   [0m [91m                                       ~~~~~~~[0m
[96msrc/licensee-reporting/licensee-reporting.service.ts[0m:[93m252[0m:[93m9[0m - [91merror[0m[90m TS2322: [0mType '{ startDate: Date; endDate: Date; locationId: string | undefined; }' is not 
assignable to type 'InputJsonValue | NullableJsonNullValueInput | undefined'.
  Types of property 'startDate' are incompatible.
    Type 'Date' is not assignable to type 'InputJsonValue | null | undefined'.
      Type 'Date' is not assignable to type 'InputJsonObject'.
        Index signature for type 'string' is missing in type 'Date'.

[7m252[0m         details: { startDate, endDate, locationId: dto.locationId },
[7m   [0m [91m        ~~~~~~~[0m

  [96mnode_modules/.prisma/client/index.d.ts[0m:[93m47492[0m:[93m5[0m
    [7m47492[0m     details?: NullableJsonNullValueInput | InputJsonValue
    [7m     [0m [96m    ~~~~~~~[0m
    The expected type comes from property 'details' which is declared here on type '(Without<AuditLogCreateInput, AuditLogUncheckedCreateInput> & AuditLogUncheckedCreateInput) | (Without<...> & 
AuditLogCreateInput)'
[96msrc/licensee-reporting/licensee-reporting.service.ts[0m:[93m282[0m:[93m15[0m - [91merror[0m[90m TS2322: [0mType '{ deletedAt: null; fromLocationId?: string | undefined; toLocationId?: 
string | undefined; OR?: ({ fromLocationId: string; } | { toLocationId: string; })[] | undefined; createdAt: { gte: Date; lte: Date; }; }' is not assignable to type 'TransferWhereInput'.
  Types of property 'OR' are incompatible.
    Type '({ fromLocationId: string; } | { toLocationId: string; })[] | undefined' is not assignable to type 'Enumerable<TransferWhereInput> | undefined'.
      Type '({ fromLocationId: string; } | { toLocationId: string; })[]' is not assignable to type 'Enumerable<TransferWhereInput> | undefined'.
        Type '({ fromLocationId: string; } | { toLocationId: string; })[]' is not assignable to type 'TransferWhereInput[]'.
          Type '{ fromLocationId: string; } | { toLocationId: string; }' is not assignable to type 'TransferWhereInput'.
            Object literal may only specify known properties, and 'fromLocationId' does not exist in type 'TransferWhereInput'.

[7m282[0m             { fromLocationId: dto.locationId },
[7m   [0m [91m              ~~~~~~~~~~~~~~[0m
[96msrc/licensee-reporting/licensee-reporting.service.ts[0m:[93m295[0m:[93m13[0m - [91merror[0m[90m TS2353: [0mObject literal may only specify known properties, and 'inventory' does not exist 
in type 'TransferItemInclude<DefaultArgs>'.

[7m295[0m             inventory: true,
[7m   [0m [91m            ~~~~~~~~~[0m
[96msrc/licensee-reporting/licensee-reporting.service.ts[0m:[93m303[0m:[93m55[0m - [91merror[0m[90m TS2339: [0mProperty 'toLocationId' does not exist on type 'GetResult<{ id: string; 
senderLocationId: string; receiverLocationId: string; userId: string; manifestNumber: string; status: string; voidedAt: Date | null; voidReason: string | null; createdAt: Date; updatedAt: Date; 
deletedAt: Date | null; }, unknown> & {}'.

[7m303[0m     const incomingTransfers = transfers.filter(t => t.toLocationId === dto.locationId).length;
[7m   [0m [91m                                                      ~~~~~~~~~~~~[0m
[96msrc/licensee-reporting/licensee-reporting.service.ts[0m:[93m304[0m:[93m55[0m - [91merror[0m[90m TS2339: [0mProperty 'fromLocationId' does not exist on type 'GetResult<{ id: string; 
senderLocationId: string; receiverLocationId: string; userId: string; manifestNumber: string; status: string; voidedAt: Date | null; voidReason: string | null; createdAt: Date; updatedAt: Date; 
deletedAt: Date | null; }, unknown> & {}'.

[7m304[0m     const outgoingTransfers = transfers.filter(t => t.fromLocationId === dto.locationId).length;
[7m   [0m [91m                                                      ~~~~~~~~~~~~~~[0m
[96msrc/licensee-reporting/licensee-reporting.service.ts[0m:[93m328[0m:[93m24[0m - [91merror[0m[90m TS2339: [0mProperty 'fromLocation' does not exist on type 'GetResult<{ id: string; 
senderLocationId: string; receiverLocationId: string; userId: string; manifestNumber: string; status: string; voidedAt: Date | null; voidReason: string | null; createdAt: Date; updatedAt: Date; 
deletedAt: Date | null; }, unknown> & {}'.

[7m328[0m         from: transfer.fromLocation?.businessName,
[7m   [0m [91m                       ~~~~~~~~~~~~[0m
[96msrc/licensee-reporting/licensee-reporting.service.ts[0m:[93m329[0m:[93m22[0m - [91merror[0m[90m TS2339: [0mProperty 'toLocation' does not exist on type 'GetResult<{ id: string; 
senderLocationId: string; receiverLocationId: string; userId: string; manifestNumber: string; status: string; voidedAt: Date | null; voidReason: string | null; createdAt: Date; updatedAt: Date; 
deletedAt: Date | null; }, unknown> & {}'.

[7m329[0m         to: transfer.toLocation?.businessName,
[7m   [0m [91m                     ~~~~~~~~~~[0m
[96msrc/licensee-reporting/licensee-reporting.service.ts[0m:[93m331[0m:[93m25[0m - [91merror[0m[90m TS2339: [0mProperty 'transferItems' does not exist on type 'GetResult<{ id: string; 
senderLocationId: string; receiverLocationId: string; userId: string; manifestNumber: string; status: string; voidedAt: Date | null; voidReason: string | null; createdAt: Date; updatedAt: Date; 
deletedAt: Date | null; }, unknown> & {}'.

[7m331[0m         items: transfer.transferItems.length,
[7m   [0m [91m                        ~~~~~~~~~~~~~[0m
[96msrc/licensee-reporting/licensee-reporting.service.ts[0m:[93m341[0m:[93m9[0m - [91merror[0m[90m TS2322: [0mType '{ startDate: Date; endDate: Date; locationId: string | undefined; }' is not 
assignable to type 'InputJsonValue | NullableJsonNullValueInput | undefined'.
  Types of property 'startDate' are incompatible.
    Type 'Date' is not assignable to type 'InputJsonValue | null | undefined'.
      Type 'Date' is not assignable to type 'InputJsonObject'.
        Index signature for type 'string' is missing in type 'Date'.

[7m341[0m         details: { startDate, endDate, locationId: dto.locationId },
[7m   [0m [91m        ~~~~~~~[0m

  [96mnode_modules/.prisma/client/index.d.ts[0m:[93m47492[0m:[93m5[0m
    [7m47492[0m     details?: NullableJsonNullValueInput | InputJsonValue
    [7m     [0m [96m    ~~~~~~~[0m
    The expected type comes from property 'details' which is declared here on type '(Without<AuditLogCreateInput, AuditLogUncheckedCreateInput> & AuditLogUncheckedCreateInput) | (Without<...> & 
AuditLogCreateInput)'
[96msrc/licensee-reporting/licensee-reporting.service.ts[0m:[93m363[0m:[93m39[0m - [91merror[0m[90m TS2339: [0mProperty 'testingSample' does not exist on type 'PrismaService'.

[7m363[0m     const samples = await this.prisma.testingSample.findMany({
[7m   [0m [91m                                      ~~~~~~~~~~~~~[0m
[96msrc/licensee-reporting/licensee-reporting.service.ts[0m:[93m413[0m:[93m9[0m - [91merror[0m[90m TS2322: [0mType '{ startDate: Date; endDate: Date; locationId: string | undefined; }' is not 
assignable to type 'InputJsonValue | NullableJsonNullValueInput | undefined'.
  Types of property 'startDate' are incompatible.
    Type 'Date' is not assignable to type 'InputJsonValue | null | undefined'.
      Type 'Date' is not assignable to type 'InputJsonObject'.
        Index signature for type 'string' is missing in type 'Date'.

[7m413[0m         details: { startDate, endDate, locationId: dto.locationId },
[7m   [0m [91m        ~~~~~~~[0m

  [96mnode_modules/.prisma/client/index.d.ts[0m:[93m47492[0m:[93m5[0m
    [7m47492[0m     details?: NullableJsonNullValueInput | InputJsonValue
    [7m     [0m [96m    ~~~~~~~[0m
    The expected type comes from property 'details' which is declared here on type '(Without<AuditLogCreateInput, AuditLogUncheckedCreateInput> & AuditLogUncheckedCreateInput) | (Without<...> & 
AuditLogCreateInput)'
[96msrc/licensee-reporting/licensee-reporting.service.ts[0m:[93m442[0m:[93m9[0m - [91merror[0m[90m TS2353: [0mObject literal may only specify known properties, and 'deletedAt' does not exist 
in type 'SaleWhereInput'.

[7m442[0m         deletedAt: null,
[7m   [0m [91m        ~~~~~~~~~[0m
[96msrc/licensee-reporting/licensee-reporting.service.ts[0m:[93m472[0m:[93m9[0m - [91merror[0m[90m TS2322: [0mType '{ startDate: Date; endDate: Date; locationId: string | undefined; }' is not 
assignable to type 'InputJsonValue | NullableJsonNullValueInput | undefined'.
  Types of property 'startDate' are incompatible.
    Type 'Date' is not assignable to type 'InputJsonValue | null | undefined'.
      Type 'Date' is not assignable to type 'InputJsonObject'.
        Index signature for type 'string' is missing in type 'Date'.

[7m472[0m         details: { startDate, endDate, locationId: dto.locationId },
[7m   [0m [91m        ~~~~~~~[0m

  [96mnode_modules/.prisma/client/index.d.ts[0m:[93m47492[0m:[93m5[0m
    [7m47492[0m     details?: NullableJsonNullValueInput | InputJsonValue
    [7m     [0m [96m    ~~~~~~~[0m
    The expected type comes from property 'details' which is declared here on type '(Without<AuditLogCreateInput, AuditLogUncheckedCreateInput> & AuditLogUncheckedCreateInput) | (Without<...> & 
AuditLogCreateInput)'
[96msrc/licensee-reporting/licensee-reporting.service.ts[0m:[93m563[0m:[93m20[0m - [91merror[0m[90m TS2345: [0mArgument of type '{ period: string; revenue: any; transactions: number; }' is 
not assignable to parameter of type 'never'.

[7m563[0m       periods.push({
[7m   [0m [91m                   ~[0m
[7m564[0m         period: periodStart.toISOString().split('T')[0],
[7m   [0m [91m~~~~~~~~~~~~~~~~~~~~~~~~~~~~~~~~~~~~~~~~~~~~~~~~~~~~~~~~[0m
[7m...[0m 
[7m566[0m         transactions: periodSales.length,
[7m   [0m [91m~~~~~~~~~~~~~~~~~~~~~~~~~~~~~~~~~~~~~~~~~[0m
[7m567[0m       });
[7m   [0m [91m~~~~~~~[0m
[96msrc/licensee/licensee.service.ts[0m:[93m106[0m:[93m9[0m - [91merror[0m[90m TS2353: [0mObject literal may only specify known properties, and 'oldValue' does not exist in type 
'Without<AuditLogCreateInput, AuditLogUncheckedCreateInput> & AuditLogUncheckedCreateInput'.

[7m106[0m         oldValue: location.licenseType,
[7m   [0m [91m        ~~~~~~~~[0m

  [96mnode_modules/.prisma/client/index.d.ts[0m:[93m28901[0m:[93m5[0m
    [7m28901[0m     data: XOR<AuditLogCreateInput, AuditLogUncheckedCreateInput>
    [7m     [0m [96m    ~~~~[0m
    The expected type comes from property 'data' which is declared here on type '{ select?: AuditLogSelect<DefaultArgs> | null | undefined; include?: AuditLogInclude<DefaultArgs> | null | undefined; 
data: (Without<...> & AuditLogUncheckedCreateInput) | (Without<...> & AuditLogCreateInput); }'
[96msrc/prisma/seed.ts[0m:[93m143[0m:[93m7[0m - [91merror[0m[90m TS2322: [0mType '{ id: string; name: string; description: string; unit: string; isSource: boolean; }' is not assignable to 
type '(Without<InventoryTypeCreateInput, InventoryTypeUncheckedCreateInput> & InventoryTypeUncheckedCreateInput) | (Without<...> & InventoryTypeCreateInput)'.
  Type '{ id: string; name: string; description: string; unit: string; isSource: boolean; }' is not assignable to type 'Without<InventoryTypeUncheckedCreateInput, InventoryTypeCreateInput> & 
InventoryTypeCreateInput'.
    Property 'category' is missing in type '{ id: string; name: string; description: string; unit: string; isSource: boolean; }' but required in type 'InventoryTypeCreateInput'.

[7m143[0m       create: {
[7m   [0m [91m      ~~~~~~[0m

  [96mnode_modules/.prisma/client/index.d.ts[0m:[93m46035[0m:[93m5[0m
    [7m46035[0m     category: string
    [7m     [0m [96m    ~~~~~~~~[0m
    'category' is declared here.
  [96mnode_modules/.prisma/client/index.d.ts[0m:[93m11821[0m:[93m5[0m
    [7m11821[0m     create: XOR<InventoryTypeCreateInput, InventoryTypeUncheckedCreateInput>
    [7m     [0m [96m    ~~~~~~[0m
    The expected type comes from property 'create' which is declared here on type '{ select?: InventoryTypeSelect<DefaultArgs> | null | undefined; include?: InventoryTypeInclude<DefaultArgs> | null | 
undefined; where: InventoryTypeWhereUniqueInput; create: (Without<...> & InventoryTypeUncheckedCreateInput) | (Without<...> & InventoryTypeCreateInput); update: (Without<...> & 
InventoryTypeUncheckedU...'
[96msrc/sales/sales.service.ts[0m:[93m573[0m:[93m36[0m - [91merror[0m[90m TS2339: [0mProperty 'price' does not exist on type 'GetResult<{ id: string; locationId: string; parentInventoryId: 
string | null; harvestedPlantId: string | null; harvestId: string | null; inventoryTypeId: string | null; inventoryTypeName: string | null; ... 11 more ...; deletedAt: Date | null; }, unknown> & {}'.

[7m573[0m     let finalPrice = inventoryItem.price;
[7m   [0m [91m                                   ~~~~~[0m
[96msrc/sales/sales.service.ts[0m:[93m590[0m:[93m36[0m - [91merror[0m[90m TS2339: [0mProperty 'price' does not exist on type 'GetResult<{ id: string; locationId: string; parentInventoryId: 
string | null; harvestedPlantId: string | null; harvestId: string | null; inventoryTypeId: string | null; inventoryTypeName: string | null; ... 11 more ...; deletedAt: Date | null; }, unknown> & {}'.

[7m590[0m       originalPrice: inventoryItem.price,
[7m   [0m [91m                                   ~~~~~[0m
[96msrc/sales/sales.service.ts[0m:[93m622[0m:[93m32[0m - [91merror[0m[90m TS2339: [0mProperty 'price' does not exist on type 'GetResult<{ id: string; locationId: string; parentInventoryId: 
string | null; harvestedPlantId: string | null; harvestId: string | null; inventoryTypeId: string | null; inventoryTypeName: string | null; ... 11 more ...; deletedAt: Date | null; }, unknown> & {}'.

[7m622[0m         discountAmount = (item.price * dto.discountValue) / 100;
[7m   [0m [91m                               ~~~~~[0m
[96msrc/sales/sales.service.ts[0m:[93m630[0m:[93m29[0m - [91merror[0m[90m TS2339: [0mProperty 'price' does not exist on type 'GetResult<{ id: string; locationId: string; parentInventoryId: 
string | null; harvestedPlantId: string | null; harvestId: string | null; inventoryTypeId: string | null; inventoryTypeName: string | null; ... 11 more ...; deletedAt: Date | null; }, unknown> & {}'.

[7m630[0m         originalPrice: item.price,
[7m   [0m [91m                            ~~~~~[0m
[96msrc/sales/sales.service.ts[0m:[93m634[0m:[93m26[0m - [91merror[0m[90m TS2339: [0mProperty 'price' does not exist on type 'GetResult<{ id: string; locationId: string; parentInventoryId: 
string | null; harvestedPlantId: string | null; harvestId: string | null; inventoryTypeId: string | null; inventoryTypeName: string | null; ... 11 more ...; deletedAt: Date | null; }, unknown> & {}'.

[7m634[0m         finalPrice: item.price - discountAmount,
[7m   [0m [91m                         ~~~~~[0m
[96msrc/state-dashboard/state-dashboard.service.ts[0m:[93m61[0m:[93m9[0m - [91merror[0m[90m TS2353: [0mObject literal may only specify known properties, and 'deletedAt' does not exist in type 
'SaleWhereInput'.

[7m61[0m         deletedAt: null,
[7m  [0m [91m        ~~~~~~~~~[0m

  [96mnode_modules/.prisma/client/index.d.ts[0m:[93m25171[0m:[93m5[0m
    [7m25171[0m     where?: SaleWhereInput
    [7m     [0m [96m    ~~~~~[0m
    The expected type comes from property 'where' which is declared here on type 'Subset<SaleAggregateArgs<DefaultArgs>, SaleAggregateArgs<DefaultArgs>>'
[96msrc/state-dashboard/state-dashboard.service.ts[0m:[93m97[0m:[93m25[0m - [91merror[0m[90m TS18048: [0m'salesAgg._sum' is possibly 'undefined'.

[7m97[0m       totalSalesAmount: salesAgg._sum.totalAmount || 0,
[7m  [0m [91m                        ~~~~~~~~~~~~~[0m
[96msrc/state-dashboard/state-dashboard.service.ts[0m:[93m157[0m:[93m9[0m - [91merror[0m[90m TS2353: [0mObject literal may only specify known properties, and 'licenses' does not exist in type 
'LocationInclude<DefaultArgs>'.

[7m157[0m         licenses: {
[7m   [0m [91m        ~~~~~~~~[0m
[96msrc/state-dashboard/state-dashboard.service.ts[0m:[93m175[0m:[93m5[0m - [91merror[0m[90m TS2322: [0mType '{ ubi: string | null; name: string; licenseType: any; inventoryQuantity: any; 
salesAmount: any; transferCount: any; redFlagCount: number; lastActivityDate: Date; }[]' is not assignable to type 'LicenseeStatisticsDto[]'.
  Type '{ ubi: string | null; name: string; licenseType: any; inventoryQuantity: any; salesAmount: any; transferCount: any; redFlagCount: number; lastActivityDate: Date; }' is not assignable to type 
'LicenseeStatisticsDto'.
    Types of property 'ubi' are incompatible.
      Type 'string | null' is not assignable to type 'string'.
        Type 'null' is not assignable to type 'string'.

[7m175[0m     return licensees.map((licensee) => {
[7m   [0m [91m    ~~~~~~[0m
[96msrc/state-dashboard/state-dashboard.service.ts[0m:[93m176[0m:[93m42[0m - [91merror[0m[90m TS2339: [0mProperty 'inventory' does not exist on type 'GetResult<{ id: string; parentLocationId: 
string | null; ubi: string | null; licenseNumber: string | null; name: string; licenseType: string; enabledModules: JsonValue; address: string | null; status: string; createdAt: Date; updatedAt: Date; 
deletedAt: Date | null; }, unknown> & {}'.

[7m176[0m       const inventoryQuantity = licensee.inventory.reduce((sum, inv) => sum + inv.quantity, 0);
[7m   [0m [91m                                         ~~~~~~~~~[0m
[96msrc/state-dashboard/state-dashboard.service.ts[0m:[93m177[0m:[93m36[0m - [91merror[0m[90m TS2339: [0mProperty 'sales' does not exist on type 'GetResult<{ id: string; parentLocationId: 
string | null; ubi: string | null; licenseNumber: string | null; name: string; licenseType: string; enabledModules: JsonValue; address: string | null; status: string; createdAt: Date; updatedAt: Date; 
deletedAt: Date | null; }, unknown> & {}'.

[7m177[0m       const salesAmount = licensee.sales.reduce((sum, sale) => sum + sale.totalAmount, 0);
[7m   [0m [91m                                   ~~~~~[0m
[96msrc/state-dashboard/state-dashboard.service.ts[0m:[93m178[0m:[93m38[0m - [91merror[0m[90m TS2339: [0mProperty 'transfersFrom' does not exist on type 'GetResult<{ id: string; 
parentLocationId: string | null; ubi: string | null; licenseNumber: string | null; name: string; licenseType: string; enabledModules: JsonValue; address: string | null; status: string; createdAt: Date; 
updatedAt: Date; deletedAt: Date | null; }, unknown> & {}'.

[7m178[0m       const transferCount = licensee.transfersFrom.length;
[7m   [0m [91m                                     ~~~~~~~~~~~~~[0m
[96msrc/state-dashboard/state-dashboard.service.ts[0m:[93m185[0m:[93m21[0m - [91merror[0m[90m TS2339: [0mProperty 'inventory' does not exist on type 'GetResult<{ id: string; parentLocationId: 
string | null; ubi: string | null; licenseNumber: string | null; name: string; licenseType: string; enabledModules: JsonValue; address: string | null; status: string; createdAt: Date; updatedAt: Date; 
deletedAt: Date | null; }, unknown> & {}'.

[7m185[0m         ...licensee.inventory.map((i) => i.createdAt),
[7m   [0m [91m                    ~~~~~~~~~[0m
[96msrc/state-dashboard/state-dashboard.service.ts[0m:[93m186[0m:[93m21[0m - [91merror[0m[90m TS2339: [0mProperty 'sales' does not exist on type 'GetResult<{ id: string; parentLocationId: 
string | null; ubi: string | null; licenseNumber: string | null; name: string; licenseType: string; enabledModules: JsonValue; address: string | null; status: string; createdAt: Date; updatedAt: Date; 
deletedAt: Date | null; }, unknown> & {}'.

[7m186[0m         ...licensee.sales.map((s) => s.createdAt),
[7m   [0m [91m                    ~~~~~[0m
[96msrc/state-dashboard/state-dashboard.service.ts[0m:[93m187[0m:[93m21[0m - [91merror[0m[90m TS2339: [0mProperty 'transfersFrom' does not exist on type 'GetResult<{ id: string; 
parentLocationId: string | null; ubi: string | null; licenseNumber: string | null; name: string; licenseType: string; enabledModules: JsonValue; address: string | null; status: string; createdAt: Date; 
updatedAt: Date; deletedAt: Date | null; }, unknown> & {}'.

[7m187[0m         ...licensee.transfersFrom.map((t) => t.createdAt),
[7m   [0m [91m                    ~~~~~~~~~~~~~[0m
[96msrc/state-dashboard/state-dashboard.service.ts[0m:[93m194[0m:[93m31[0m - [91merror[0m[90m TS2339: [0mProperty 'licenses' does not exist on type 'GetResult<{ id: string; parentLocationId: 
string | null; ubi: string | null; licenseNumber: string | null; name: string; licenseType: string; enabledModules: JsonValue; address: string | null; status: string; createdAt: Date; updatedAt: Date; 
deletedAt: Date | null; }, unknown> & {}'.

[7m194[0m         licenseType: licensee.licenses[0]?.licenseType?.name || 'Unknown',
[7m   [0m [91m                              ~~~~~~~~[0m
[96msrc/state-dashboard/state-dashboard.service.ts[0m:[93m206[0m:[93m12[0m - [91merror[0m[90m TS2322: [0mType '"type"' is not assignable to type 'InventoryItemScalarFieldEnum'.

[7m206[0m       by: ['type'],
[7m   [0m [91m           ~~~~~~[0m
[96msrc/state-dashboard/state-dashboard.service.ts[0m:[93m219[0m:[93m18[0m - [91merror[0m[90m TS2339: [0mProperty 'type' does not exist on type 'PickArray<InventoryItemGroupByOutputType, 
InventoryItemScalarFieldEnum[]> & { _count: true | { ...; } | undefined; _sum: { ...; } | undefined; _avg: { ...; } | undefined; _min: { ...; } | undefined; _max: { ...; } | undefined; }'.

[7m219[0m       type: item.type,
[7m   [0m [91m                 ~~~~[0m
[96msrc/state-dashboard/state-dashboard.service.ts[0m:[93m220[0m:[93m22[0m - [91merror[0m[90m TS18048: [0m'item._sum' is possibly 'undefined'.

[7m220[0m       totalQuantity: item._sum.quantity || 0,
[7m   [0m [91m                     ~~~~~~~~~[0m
[96msrc/state-dashboard/state-dashboard.service.ts[0m:[93m221[0m:[93m22[0m - [91merror[0m[90m TS18048: [0m'item._count' is possibly 'undefined'.

[7m221[0m       licenseeCount: item._count.locationId,
[7m   [0m [91m                     ~~~~~~~~~~~[0m
[96msrc/state-dashboard/state-dashboard.service.ts[0m:[93m221[0m:[93m34[0m - [91merror[0m[90m TS2339: [0mProperty 'locationId' does not exist on type 'true | { id?: number | undefined; 
locationId?: number | undefined; parentInventoryId?: number | undefined; harvestedPlantId?: number | undefined; harvestId?: number | undefined; ... 14 more ...; _all?: number | undefined; }'.
  Property 'locationId' does not exist on type 'true'.

[7m221[0m       licenseeCount: item._count.locationId,
[7m   [0m [91m                                 ~~~~~~~~~~[0m
[96msrc/state-dashboard/state-dashboard.service.ts[0m:[93m222[0m:[93m31[0m - [91merror[0m[90m TS18048: [0m'item._count' is possibly 'undefined'.

[7m222[0m       avgQuantityPerLicensee: item._count.locationId > 0 ? (item._sum.quantity || 0) / item._count.locationId : 0,
[7m   [0m [91m                              ~~~~~~~~~~~[0m
[96msrc/state-dashboard/state-dashboard.service.ts[0m:[93m222[0m:[93m43[0m - [91merror[0m[90m TS2339: [0mProperty 'locationId' does not exist on type 'true | { id?: number | undefined; 
locationId?: number | undefined; parentInventoryId?: number | undefined; harvestedPlantId?: number | undefined; harvestId?: number | undefined; ... 14 more ...; _all?: number | undefined; }'.
  Property 'locationId' does not exist on type 'true'.

[7m222[0m       avgQuantityPerLicensee: item._count.locationId > 0 ? (item._sum.quantity || 0) / item._count.locationId : 0,
[7m   [0m [91m                                          ~~~~~~~~~~[0m
[96msrc/state-dashboard/state-dashboard.service.ts[0m:[93m222[0m:[93m61[0m - [91merror[0m[90m TS18048: [0m'item._sum' is possibly 'undefined'.

[7m222[0m       avgQuantityPerLicensee: item._count.locationId > 0 ? (item._sum.quantity || 0) / item._count.locationId : 0,
[7m   [0m [91m                                                            ~~~~~~~~~[0m
[96msrc/state-dashboard/state-dashboard.service.ts[0m:[93m222[0m:[93m88[0m - [91merror[0m[90m TS18048: [0m'item._count' is possibly 'undefined'.

[7m222[0m       avgQuantityPerLicensee: item._count.locationId > 0 ? (item._sum.quantity || 0) / item._count.locationId : 0,
[7m   [0m [91m                                                                                       ~~~~~~~~~~~[0m
[96msrc/state-dashboard/state-dashboard.service.ts[0m:[93m222[0m:[93m100[0m - [91merror[0m[90m TS2339: [0mProperty 'locationId' does not exist on type 'true | { id?: number | undefined; 
locationId?: number | undefined; parentInventoryId?: number | undefined; harvestedPlantId?: number | undefined; harvestId?: number | undefined; ... 14 more ...; _all?: number | undefined; }'.
  Property 'locationId' does not exist on type 'true'.

[7m222[0m       avgQuantityPerLicensee: item._count.locationId > 0 ? (item._sum.quantity || 0) / item._count.locationId : 0,
[7m   [0m [91m                                                                                                   ~~~~~~~~~~[0m
[96msrc/state-dashboard/state-dashboard.service.ts[0m:[93m239[0m:[93m9[0m - [91merror[0m[90m TS2353: [0mObject literal may only specify known properties, and 'deletedAt' does not exist in 
type 'SaleWhereInput'.

[7m239[0m         deletedAt: null,
[7m   [0m [91m        ~~~~~~~~~[0m
[96msrc/state-licensee-management/state-licensee-management.service.ts[0m:[93m31[0m:[93m16[0m - [91merror[0m[90m TS2322: [0mType 'number' is not assignable to type 'string'.

[7m31[0m       where: { id: dto.licenseTypeId },
[7m  [0m [91m               ~~[0m

  [96mnode_modules/.prisma/client/index.d.ts[0m:[93m44728[0m:[93m5[0m
    [7m44728[0m     id?: string
    [7m     [0m [96m    ~~[0m
    The expected type comes from property 'id' which is declared here on type 'LicenseTypeWhereUniqueInput'
[96msrc/state-licensee-management/state-licensee-management.service.ts[0m:[93m43[0m:[93m9[0m - [91merror[0m[90m TS2561: [0mObject literal may only specify known properties, but 
'licenseTypeId' does not exist in type '(Without<LocationCreateInput, LocationUncheckedCreateInput> & LocationUncheckedCreateInput) | (Without<...> & LocationCreateInput)'. Did you mean to write 
'licenseType'?

[7m43[0m         licenseTypeId: dto.licenseTypeId,
[7m  [0m [91m        ~~~~~~~~~~~~~[0m

  [96mnode_modules/.prisma/client/index.d.ts[0m:[93m9431[0m:[93m5[0m
    [7m9431[0m     data: XOR<LocationCreateInput, LocationUncheckedCreateInput>
    [7m    [0m [96m    ~~~~[0m
    The expected type comes from property 'data' which is declared here on type '{ select?: LocationSelect<DefaultArgs> | null | undefined; include?: LocationInclude<DefaultArgs> | null | undefined; 
data: (Without<...> & LocationUncheckedCreateInput) | (Without<...> & LocationCreateInput); }'
[96msrc/state-licensee-management/state-licensee-management.service.ts[0m:[93m51[0m:[93m9[0m - [91merror[0m[90m TS2353: [0mObject literal may only specify known properties, and 'licenseType' 
does not exist in type 'LocationInclude<DefaultArgs>'.

[7m51[0m         licenseType: true,
[7m  [0m [91m        ~~~~~~~~~~~[0m

  [96mnode_modules/.prisma/client/index.d.ts[0m:[93m9427[0m:[93m5[0m
    [7m9427[0m     include?: LocationInclude<ExtArgs> | null
    [7m    [0m [96m    ~~~~~~~[0m
    The expected type comes from property 'include' which is declared here on type '{ select?: LocationSelect<DefaultArgs> | null | undefined; include?: LocationInclude<DefaultArgs> | null | undefined; 
data: (Without<...> & LocationUncheckedCreateInput) | (Without<...> & LocationCreateInput); }'
[96msrc/state-licensee-management/state-licensee-management.service.ts[0m:[93m58[0m:[93m9[0m - [91merror[0m[90m TS2322: [0mType 'number' is not assignable to type 'string'.

[7m58[0m         userId: stateUserId,
[7m  [0m [91m        ~~~~~~[0m

  [96mnode_modules/.prisma/client/index.d.ts[0m:[93m47487[0m:[93m5[0m
    [7m47487[0m     userId?: string | null
    [7m     [0m [96m    ~~~~~~[0m
    The expected type comes from property 'userId' which is declared here on type '(Without<AuditLogCreateInput, AuditLogUncheckedCreateInput> & AuditLogUncheckedCreateInput) | (Without<...> & 
AuditLogCreateInput)'
[96msrc/state-licensee-management/state-licensee-management.service.ts[0m:[93m79[0m:[93m26[0m - [91merror[0m[90m TS2339: [0mProperty 'isActive' does not exist on type 'GetResult<{ id: string; 
parentLocationId: string | null; ubi: string | null; licenseNumber: string | null; name: string; licenseType: string; enabledModules: JsonValue; address: string | null; status: string; createdAt: Date; 
updatedAt: Date; deletedAt: Date | null; }, unknown> & {}'.

[7m79[0m       isActive: location.isActive,
[7m  [0m [91m                         ~~~~~~~~[0m
[96msrc/state-licensee-management/state-licensee-management.service.ts[0m:[93m91[0m:[93m16[0m - [91merror[0m[90m TS2322: [0mType 'number' is not assignable to type 'string'.

[7m91[0m       where: { id: locationId },
[7m  [0m [91m               ~~[0m

  [96mnode_modules/.prisma/client/index.d.ts[0m:[93m43276[0m:[93m5[0m
    [7m43276[0m     id?: string
    [7m     [0m [96m    ~~[0m
    The expected type comes from property 'id' which is declared here on type 'LocationWhereUniqueInput'
[96msrc/state-licensee-management/state-licensee-management.service.ts[0m:[93m92[0m:[93m18[0m - [91merror[0m[90m TS2353: [0mObject literal may only specify known properties, and 'licenseType' 
does not exist in type 'LocationInclude<DefaultArgs>'.

[7m92[0m       include: { licenseType: true },
[7m  [0m [91m                 ~~~~~~~~~~~[0m

  [96mnode_modules/.prisma/client/index.d.ts[0m:[93m9225[0m:[93m5[0m
    [7m9225[0m     include?: LocationInclude<ExtArgs> | null
    [7m    [0m [96m    ~~~~~~~[0m
    The expected type comes from property 'include' which is declared here on type '{ rejectOnNotFound?: RejectOnNotFound | undefined; select?: LocationSelect<DefaultArgs> | null | undefined; include?: 
LocationInclude<DefaultArgs> | null | undefined; where: LocationWhereUniqueInput; }'
[96msrc/state-licensee-management/state-licensee-management.service.ts[0m:[93m101[0m:[93m16[0m - [91merror[0m[90m TS2322: [0mType 'number' is not assignable to type 'string'.

[7m101[0m       where: { id: locationId },
[7m   [0m [91m               ~~[0m

  [96mnode_modules/.prisma/client/index.d.ts[0m:[93m43276[0m:[93m5[0m
    [7m43276[0m     id?: string
    [7m     [0m [96m    ~~[0m
    The expected type comes from property 'id' which is declared here on type 'LocationWhereUniqueInput'
[96msrc/state-licensee-management/state-licensee-management.service.ts[0m:[93m103[0m:[93m9[0m - [91merror[0m[90m TS2353: [0mObject literal may only specify known properties, and 'isActive' 
does not exist in type '(Without<LocationUpdateInput, LocationUncheckedUpdateInput> & LocationUncheckedUpdateInput) | (Without<...> & LocationUpdateInput)'.

[7m103[0m         isActive: dto.isActive,
[7m   [0m [91m        ~~~~~~~~[0m

  [96mnode_modules/.prisma/client/index.d.ts[0m:[93m9462[0m:[93m5[0m
    [7m9462[0m     data: XOR<LocationUpdateInput, LocationUncheckedUpdateInput>
    [7m    [0m [96m    ~~~~[0m
    The expected type comes from property 'data' which is declared here on type '{ select?: LocationSelect<DefaultArgs> | null | undefined; include?: LocationInclude<DefaultArgs> | null | undefined; 
data: (Without<...> & LocationUncheckedUpdateInput) | (Without<...> & LocationUpdateInput); where: LocationWhereUniqueInput; }'
[96msrc/state-licensee-management/state-licensee-management.service.ts[0m:[93m106[0m:[93m9[0m - [91merror[0m[90m TS2353: [0mObject literal may only specify known properties, and 'licenseType' 
does not exist in type 'LocationInclude<DefaultArgs>'.

[7m106[0m         licenseType: true,
[7m   [0m [91m        ~~~~~~~~~~~[0m

  [96mnode_modules/.prisma/client/index.d.ts[0m:[93m9458[0m:[93m5[0m
    [7m9458[0m     include?: LocationInclude<ExtArgs> | null
    [7m    [0m [96m    ~~~~~~~[0m
    The expected type comes from property 'include' which is declared here on type '{ select?: LocationSelect<DefaultArgs> | null | undefined; include?: LocationInclude<DefaultArgs> | null | undefined; 
data: (Without<...> & LocationUncheckedUpdateInput) | (Without<...> & LocationUpdateInput); where: LocationWhereUniqueInput; }'
[96msrc/state-licensee-management/state-licensee-management.service.ts[0m:[93m113[0m:[93m9[0m - [91merror[0m[90m TS2322: [0mType 'number' is not assignable to type 'string'.

[7m113[0m         userId: stateUserId,
[7m   [0m [91m        ~~~~~~[0m

  [96mnode_modules/.prisma/client/index.d.ts[0m:[93m47487[0m:[93m5[0m
    [7m47487[0m     userId?: string | null
    [7m     [0m [96m    ~~~~~~[0m
    The expected type comes from property 'userId' which is declared here on type '(Without<AuditLogCreateInput, AuditLogUncheckedCreateInput> & AuditLogUncheckedCreateInput) | (Without<...> & 
AuditLogCreateInput)'
[96msrc/state-licensee-management/state-licensee-management.service.ts[0m:[93m116[0m:[93m9[0m - [91merror[0m[90m TS2322: [0mType 'number' is not assignable to type 'string'.

[7m116[0m         entityId: locationId,
[7m   [0m [91m        ~~~~~~~~[0m

  [96mnode_modules/.prisma/client/index.d.ts[0m:[93m47490[0m:[93m5[0m
    [7m47490[0m     entityId: string
    [7m     [0m [96m    ~~~~~~~~[0m
    The expected type comes from property 'entityId' which is declared here on type '(Without<AuditLogCreateInput, AuditLogUncheckedCreateInput> & AuditLogUncheckedCreateInput) | (Without<...> & 
AuditLogCreateInput)'
[96msrc/state-licensee-management/state-licensee-management.service.ts[0m:[93m129[0m:[93m40[0m - [91merror[0m[90m TS2339: [0mProperty 'name' does not exist on type 'string'.

[7m129[0m       licenseType: updated.licenseType.name,
[7m   [0m [91m                                       ~~~~[0m
[96msrc/state-licensee-management/state-licensee-management.service.ts[0m:[93m130[0m:[93m25[0m - [91merror[0m[90m TS2339: [0mProperty 'isActive' does not exist on type 'GetResult<{ id: 
string; parentLocationId: string | null; ubi: string | null; licenseNumber: string | null; name: string; licenseType: string; enabledModules: JsonValue; address: string | null; status: string; 
createdAt: Date; updatedAt: Date; deletedAt: Date | null; }, unknown> & {}'.

[7m130[0m       isActive: updated.isActive,
[7m   [0m [91m                        ~~~~~~~~[0m
[96msrc/state-licensee-management/state-licensee-management.service.ts[0m:[93m141[0m:[93m16[0m - [91merror[0m[90m TS2322: [0mType 'number' is not assignable to type 'string'.

[7m141[0m       where: { id: locationId },
[7m   [0m [91m               ~~[0m

  [96mnode_modules/.prisma/client/index.d.ts[0m:[93m43276[0m:[93m5[0m
    [7m43276[0m     id?: string
    [7m     [0m [96m    ~~[0m
    The expected type comes from property 'id' which is declared here on type 'LocationWhereUniqueInput'
[96msrc/state-licensee-management/state-licensee-management.service.ts[0m:[93m158[0m:[93m16[0m - [91merror[0m[90m TS2322: [0mType 'number' is not assignable to type 'string'.

[7m158[0m       where: { id: locationId },
[7m   [0m [91m               ~~[0m

  [96mnode_modules/.prisma/client/index.d.ts[0m:[93m43276[0m:[93m5[0m
    [7m43276[0m     id?: string
    [7m     [0m [96m    ~~[0m
    The expected type comes from property 'id' which is declared here on type 'LocationWhereUniqueInput'
[96msrc/state-licensee-management/state-licensee-management.service.ts[0m:[93m160[0m:[93m9[0m - [91merror[0m[90m TS2353: [0mObject literal may only specify known properties, and 
'inventoryWindowStart' does not exist in type '(Without<LocationUpdateInput, LocationUncheckedUpdateInput> & LocationUncheckedUpdateInput) | (Without<...> & LocationUpdateInput)'.

[7m160[0m         inventoryWindowStart: startDate,
[7m   [0m [91m        ~~~~~~~~~~~~~~~~~~~~[0m

  [96mnode_modules/.prisma/client/index.d.ts[0m:[93m9462[0m:[93m5[0m
    [7m9462[0m     data: XOR<LocationUpdateInput, LocationUncheckedUpdateInput>
    [7m    [0m [96m    ~~~~[0m
    The expected type comes from property 'data' which is declared here on type '{ select?: LocationSelect<DefaultArgs> | null | undefined; include?: LocationInclude<DefaultArgs> | null | undefined; 
data: (Without<...> & LocationUncheckedUpdateInput) | (Without<...> & LocationUpdateInput); where: LocationWhereUniqueInput; }'
[96msrc/state-licensee-management/state-licensee-management.service.ts[0m:[93m168[0m:[93m9[0m - [91merror[0m[90m TS2322: [0mType 'number' is not assignable to type 'string'.

[7m168[0m         userId: stateUserId,
[7m   [0m [91m        ~~~~~~[0m

  [96mnode_modules/.prisma/client/index.d.ts[0m:[93m47487[0m:[93m5[0m
    [7m47487[0m     userId?: string | null
    [7m     [0m [96m    ~~~~~~[0m
    The expected type comes from property 'userId' which is declared here on type '(Without<AuditLogCreateInput, AuditLogUncheckedCreateInput> & AuditLogUncheckedCreateInput) | (Without<...> & 
AuditLogCreateInput)'
[96msrc/state-licensee-management/state-licensee-management.service.ts[0m:[93m171[0m:[93m9[0m - [91merror[0m[90m TS2322: [0mType 'number' is not assignable to type 'string'.

[7m171[0m         entityId: locationId,
[7m   [0m [91m        ~~~~~~~~[0m

  [96mnode_modules/.prisma/client/index.d.ts[0m:[93m47490[0m:[93m5[0m
    [7m47490[0m     entityId: string
    [7m     [0m [96m    ~~~~~~~~[0m
    The expected type comes from property 'entityId' which is declared here on type '(Without<AuditLogCreateInput, AuditLogUncheckedCreateInput> & AuditLogUncheckedCreateInput) | (Without<...> & 
AuditLogCreateInput)'
[96msrc/state-licensee-management/state-licensee-management.service.ts[0m:[93m186[0m:[93m37[0m - [91merror[0m[90m TS2339: [0mProperty 'inventoryWindowStart' does not exist on type 
'GetResult<{ id: string; parentLocationId: string | null; ubi: string | null; licenseNumber: string | null; name: string; licenseType: string; enabledModules: JsonValue; address: string | null; status: 
string; createdAt: Date; updatedAt: Date; deletedAt: Date | null; }, unknown> & {}'.

[7m186[0m       inventoryWindowStart: updated.inventoryWindowStart,
[7m   [0m [91m                                    ~~~~~~~~~~~~~~~~~~~~[0m
[96msrc/state-licensee-management/state-licensee-management.service.ts[0m:[93m187[0m:[93m35[0m - [91merror[0m[90m TS2339: [0mProperty 'inventoryWindowEnd' does not exist on type 'GetResult<{ 
id: string; parentLocationId: string | null; ubi: string | null; licenseNumber: string | null; name: string; licenseType: string; enabledModules: JsonValue; address: string | null; status: string; 
createdAt: Date; updatedAt: Date; deletedAt: Date | null; }, unknown> & {}'.

[7m187[0m       inventoryWindowEnd: updated.inventoryWindowEnd,
[7m   [0m [91m                                  ~~~~~~~~~~~~~~~~~~[0m
[96msrc/state-licensee-management/state-licensee-management.service.ts[0m:[93m198[0m:[93m16[0m - [91merror[0m[90m TS2322: [0mType 'number' is not assignable to type 'string'.

[7m198[0m       where: { id: locationId },
[7m   [0m [91m               ~~[0m

  [96mnode_modules/.prisma/client/index.d.ts[0m:[93m43276[0m:[93m5[0m
    [7m43276[0m     id?: string
    [7m     [0m [96m    ~~[0m
    The expected type comes from property 'id' which is declared here on type 'LocationWhereUniqueInput'
[96msrc/state-licensee-management/state-licensee-management.service.ts[0m:[93m199[0m:[93m18[0m - [91merror[0m[90m TS2353: [0mObject literal may only specify known properties, and 
'licenseType' does not exist in type 'LocationInclude<DefaultArgs>'.

[7m199[0m       include: { licenseType: true },
[7m   [0m [91m                 ~~~~~~~~~~~[0m

  [96mnode_modules/.prisma/client/index.d.ts[0m:[93m9225[0m:[93m5[0m
    [7m9225[0m     include?: LocationInclude<ExtArgs> | null
    [7m    [0m [96m    ~~~~~~~[0m
    The expected type comes from property 'include' which is declared here on type '{ rejectOnNotFound?: RejectOnNotFound | undefined; select?: LocationSelect<DefaultArgs> | null | undefined; include?: 
LocationInclude<DefaultArgs> | null | undefined; where: LocationWhereUniqueInput; }'
[96msrc/state-licensee-management/state-licensee-management.service.ts[0m:[93m208[0m:[93m16[0m - [91merror[0m[90m TS2322: [0mType 'number' is not assignable to type 'string'.

[7m208[0m       where: { id: dto.licenseTypeId },
[7m   [0m [91m               ~~[0m

  [96mnode_modules/.prisma/client/index.d.ts[0m:[93m44728[0m:[93m5[0m
    [7m44728[0m     id?: string
    [7m     [0m [96m    ~~[0m
    The expected type comes from property 'id' which is declared here on type 'LicenseTypeWhereUniqueInput'
[96msrc/state-licensee-management/state-licensee-management.service.ts[0m:[93m217[0m:[93m16[0m - [91merror[0m[90m TS2322: [0mType 'number' is not assignable to type 'string'.

[7m217[0m       where: { id: locationId },
[7m   [0m [91m               ~~[0m

  [96mnode_modules/.prisma/client/index.d.ts[0m:[93m43276[0m:[93m5[0m
    [7m43276[0m     id?: string
    [7m     [0m [96m    ~~[0m
    The expected type comes from property 'id' which is declared here on type 'LocationWhereUniqueInput'
[96msrc/state-licensee-management/state-licensee-management.service.ts[0m:[93m219[0m:[93m9[0m - [91merror[0m[90m TS2561: [0mObject literal may only specify known properties, but 
'licenseTypeId' does not exist in type '(Without<LocationUpdateInput, LocationUncheckedUpdateInput> & LocationUncheckedUpdateInput) | (Without<...> & LocationUpdateInput)'. Did you mean to write 
'licenseType'?

[7m219[0m         licenseTypeId: dto.licenseTypeId,
[7m   [0m [91m        ~~~~~~~~~~~~~[0m

  [96mnode_modules/.prisma/client/index.d.ts[0m:[93m9462[0m:[93m5[0m
    [7m9462[0m     data: XOR<LocationUpdateInput, LocationUncheckedUpdateInput>
    [7m    [0m [96m    ~~~~[0m
    The expected type comes from property 'data' which is declared here on type '{ select?: LocationSelect<DefaultArgs> | null | undefined; include?: LocationInclude<DefaultArgs> | null | undefined; 
data: (Without<...> & LocationUncheckedUpdateInput) | (Without<...> & LocationUpdateInput); where: LocationWhereUniqueInput; }'
[96msrc/state-licensee-management/state-licensee-management.service.ts[0m:[93m222[0m:[93m9[0m - [91merror[0m[90m TS2353: [0mObject literal may only specify known properties, and 'licenseType' 
does not exist in type 'LocationInclude<DefaultArgs>'.

[7m222[0m         licenseType: true,
[7m   [0m [91m        ~~~~~~~~~~~[0m

  [96mnode_modules/.prisma/client/index.d.ts[0m:[93m9458[0m:[93m5[0m
    [7m9458[0m     include?: LocationInclude<ExtArgs> | null
    [7m    [0m [96m    ~~~~~~~[0m
    The expected type comes from property 'include' which is declared here on type '{ select?: LocationSelect<DefaultArgs> | null | undefined; include?: LocationInclude<DefaultArgs> | null | undefined; 
data: (Without<...> & LocationUncheckedUpdateInput) | (Without<...> & LocationUpdateInput); where: LocationWhereUniqueInput; }'
[96msrc/state-licensee-management/state-licensee-management.service.ts[0m:[93m229[0m:[93m9[0m - [91merror[0m[90m TS2322: [0mType 'number' is not assignable to type 'string'.

[7m229[0m         userId: stateUserId,
[7m   [0m [91m        ~~~~~~[0m

  [96mnode_modules/.prisma/client/index.d.ts[0m:[93m47487[0m:[93m5[0m
    [7m47487[0m     userId?: string | null
    [7m     [0m [96m    ~~~~~~[0m
    The expected type comes from property 'userId' which is declared here on type '(Without<AuditLogCreateInput, AuditLogUncheckedCreateInput> & AuditLogUncheckedCreateInput) | (Without<...> & 
AuditLogCreateInput)'
[96msrc/state-licensee-management/state-licensee-management.service.ts[0m:[93m232[0m:[93m9[0m - [91merror[0m[90m TS2322: [0mType 'number' is not assignable to type 'string'.

[7m232[0m         entityId: locationId,
[7m   [0m [91m        ~~~~~~~~[0m

  [96mnode_modules/.prisma/client/index.d.ts[0m:[93m47490[0m:[93m5[0m
    [7m47490[0m     entityId: string
    [7m     [0m [96m    ~~~~~~~~[0m
    The expected type comes from property 'entityId' which is declared here on type '(Without<AuditLogCreateInput, AuditLogUncheckedCreateInput> & AuditLogUncheckedCreateInput) | (Without<...> & 
AuditLogCreateInput)'
[96msrc/state-licensee-management/state-licensee-management.service.ts[0m:[93m236[0m:[93m48[0m - [91merror[0m[90m TS2339: [0mProperty 'name' does not exist on type 'string'.

[7m236[0m           oldLicenseType: location.licenseType.name,
[7m   [0m [91m                                               ~~~~[0m
[96msrc/state-licensee-management/state-licensee-management.service.ts[0m:[93m247[0m:[93m40[0m - [91merror[0m[90m TS2339: [0mProperty 'name' does not exist on type 'string'.

[7m247[0m       licenseType: updated.licenseType.name,
[7m   [0m [91m                                       ~~~~[0m
[96msrc/state-licensee-management/state-licensee-management.service.ts[0m:[93m254[0m:[93m16[0m - [91merror[0m[90m TS2322: [0mType 'number' is not assignable to type 'string'.

[7m254[0m       where: { id: locationId },
[7m   [0m [91m               ~~[0m

  [96mnode_modules/.prisma/client/index.d.ts[0m:[93m43276[0m:[93m5[0m
    [7m43276[0m     id?: string
    [7m     [0m [96m    ~~[0m
    The expected type comes from property 'id' which is declared here on type 'LocationWhereUniqueInput'
[96msrc/state-licensee-management/state-licensee-management.service.ts[0m:[93m256[0m:[93m9[0m - [91merror[0m[90m TS2353: [0mObject literal may only specify known properties, and 'licenseType' 
does not exist in type 'LocationInclude<DefaultArgs>'.

[7m256[0m         licenseType: true,
[7m   [0m [91m        ~~~~~~~~~~~[0m

  [96mnode_modules/.prisma/client/index.d.ts[0m:[93m9225[0m:[93m5[0m
    [7m9225[0m     include?: LocationInclude<ExtArgs> | null
    [7m    [0m [96m    ~~~~~~~[0m
    The expected type comes from property 'include' which is declared here on type '{ rejectOnNotFound?: RejectOnNotFound | undefined; select?: LocationSelect<DefaultArgs> | null | undefined; include?: 
LocationInclude<DefaultArgs> | null | undefined; where: LocationWhereUniqueInput; }'
[96msrc/state-licensee-management/state-licensee-management.service.ts[0m:[93m268[0m:[93m41[0m - [91merror[0m[90m TS2339: [0mProperty 'name' does not exist on type 'string'.

[7m268[0m       licenseType: location.licenseType.name,
[7m   [0m [91m                                        ~~~~[0m
[96msrc/state-licensee-management/state-licensee-management.service.ts[0m:[93m269[0m:[93m26[0m - [91merror[0m[90m TS2339: [0mProperty 'isActive' does not exist on type 'GetResult<{ id: 
string; parentLocationId: string | null; ubi: string | null; licenseNumber: string | null; name: string; licenseType: string; enabledModules: JsonValue; address: string | null; status: string; 
createdAt: Date; updatedAt: Date; deletedAt: Date | null; }, unknown> & {}'.

[7m269[0m       isActive: location.isActive,
[7m   [0m [91m                         ~~~~~~~~[0m
[96msrc/state-licensee-management/state-licensee-management.service.ts[0m:[93m271[0m:[93m22[0m - [91merror[0m[90m TS2339: [0mProperty 'city' does not exist on type 'GetResult<{ id: string; 
parentLocationId: string | null; ubi: string | null; licenseNumber: string | null; name: string; licenseType: string; enabledModules: JsonValue; address: string | null; status: string; createdAt: Date; 
updatedAt: Date; deletedAt: Date | null; }, unknown> & {}'.

[7m271[0m       city: location.city,
[7m   [0m [91m                     ~~~~[0m
[96msrc/state-licensee-management/state-licensee-management.service.ts[0m:[93m272[0m:[93m23[0m - [91merror[0m[90m TS2339: [0mProperty 'state' does not exist on type 'GetResult<{ id: string; 
parentLocationId: string | null; ubi: string | null; licenseNumber: string | null; name: string; licenseType: string; enabledModules: JsonValue; address: string | null; status: string; createdAt: Date; 
updatedAt: Date; deletedAt: Date | null; }, unknown> & {}'.

[7m272[0m       state: location.state,
[7m   [0m [91m                      ~~~~~[0m
[96msrc/state-licensee-management/state-licensee-management.service.ts[0m:[93m273[0m:[93m25[0m - [91merror[0m[90m TS2339: [0mProperty 'zipCode' does not exist on type 'GetResult<{ id: string; 
parentLocationId: string | null; ubi: string | null; licenseNumber: string | null; name: string; licenseType: string; enabledModules: JsonValue; address: string | null; status: string; createdAt: Date; 
updatedAt: Date; deletedAt: Date | null; }, unknown> & {}'.

[7m273[0m       zipCode: location.zipCode,
[7m   [0m [91m                        ~~~~~~~[0m
[96msrc/state-licensee-management/state-licensee-management.service.ts[0m:[93m274[0m:[93m38[0m - [91merror[0m[90m TS2339: [0mProperty 'inventoryWindowStart' does not exist on type 
'GetResult<{ id: string; parentLocationId: string | null; ubi: string | null; licenseNumber: string | null; name: string; licenseType: string; enabledModules: JsonValue; address: string | null; status: 
string; createdAt: Date; updatedAt: Date; deletedAt: Date | null; }, unknown> & {}'.

[7m274[0m       inventoryWindowStart: location.inventoryWindowStart,
[7m   [0m [91m                                     ~~~~~~~~~~~~~~~~~~~~[0m
[96msrc/state-licensee-management/state-licensee-management.service.ts[0m:[93m275[0m:[93m36[0m - [91merror[0m[90m TS2339: [0mProperty 'inventoryWindowEnd' does not exist on type 'GetResult<{ 
id: string; parentLocationId: string | null; ubi: string | null; licenseNumber: string | null; name: string; licenseType: string; enabledModules: JsonValue; address: string | null; status: string; 
createdAt: Date; updatedAt: Date; deletedAt: Date | null; }, unknown> & {}'.

[7m275[0m       inventoryWindowEnd: location.inventoryWindowEnd,
[7m   [0m [91m                                   ~~~~~~~~~~~~~~~~~~[0m
[96msrc/state-licensee-management/state-licensee-management.service.ts[0m:[93m307[0m:[93m11[0m - [91merror[0m[90m TS2353: [0mObject literal may only specify known properties, and 
'licenseType' does not exist in type 'LocationInclude<DefaultArgs>'.

[7m307[0m           licenseType: true,
[7m   [0m [91m          ~~~~~~~~~~~[0m
[96msrc/state-licensee-management/state-licensee-management.service.ts[0m:[93m321[0m:[93m43[0m - [91merror[0m[90m TS2339: [0mProperty 'name' does not exist on type 'string'.

[7m321[0m         licenseType: location.licenseType.name,
[7m   [0m [91m                                          ~~~~[0m
[96msrc/state-licensee-management/state-licensee-management.service.ts[0m:[93m322[0m:[93m28[0m - [91merror[0m[90m TS2339: [0mProperty 'isActive' does not exist on type 'GetResult<{ id: 
string; parentLocationId: string | null; ubi: string | null; licenseNumber: string | null; name: string; licenseType: string; enabledModules: JsonValue; address: string | null; status: string; 
createdAt: Date; updatedAt: Date; deletedAt: Date | null; }, unknown> & {}'.

[7m322[0m         isActive: location.isActive,
[7m   [0m [91m                           ~~~~~~~~[0m
[96msrc/state-licensee-management/state-licensee-management.service.ts[0m:[93m323[0m:[93m40[0m - [91merror[0m[90m TS2339: [0mProperty 'inventoryWindowStart' does not exist on type 
'GetResult<{ id: string; parentLocationId: string | null; ubi: string | null; licenseNumber: string | null; name: string; licenseType: string; enabledModules: JsonValue; address: string | null; status: 
string; createdAt: Date; updatedAt: Date; deletedAt: Date | null; }, unknown> & {}'.

[7m323[0m         inventoryWindowStart: location.inventoryWindowStart,
[7m   [0m [91m                                       ~~~~~~~~~~~~~~~~~~~~[0m
[96msrc/state-licensee-management/state-licensee-management.service.ts[0m:[93m324[0m:[93m38[0m - [91merror[0m[90m TS2339: [0mProperty 'inventoryWindowEnd' does not exist on type 'GetResult<{ 
id: string; parentLocationId: string | null; ubi: string | null; licenseNumber: string | null; name: string; licenseType: string; enabledModules: JsonValue; address: string | null; status: string; 
createdAt: Date; updatedAt: Date; deletedAt: Date | null; }, unknown> & {}'.

[7m324[0m         inventoryWindowEnd: location.inventoryWindowEnd,
[7m   [0m [91m                                     ~~~~~~~~~~~~~~~~~~[0m
[96msrc/state-reporting/state-reporting.controller.ts[0m:[93m15[0m:[93m30[0m - [91merror[0m[90m TS2307: [0mCannot find module '../auth/guards/jwt-auth.guard' or its corresponding type 
declarations.

[7m15[0m import { JwtAuthGuard } from '../auth/guards/jwt-auth.guard';
[7m  [0m [91m                             ~~~~~~~~~~~~~~~~~~~~~~~~~~~~~~~[0m
[96msrc/state-reporting/state-reporting.controller.ts[0m:[93m16[0m:[93m28[0m - [91merror[0m[90m TS2307: [0mCannot find module '../auth/guards/roles.guard' or its corresponding type 
declarations.

[7m16[0m import { RolesGuard } from '../auth/guards/roles.guard';
[7m  [0m [91m                           ~~~~~~~~~~~~~~~~~~~~~~~~~~~~[0m
[96msrc/state-reporting/state-reporting.controller.ts[0m:[93m17[0m:[93m23[0m - [91merror[0m[90m TS2307: [0mCannot find module '../auth/decorators/roles.decorator' or its corresponding type 
declarations.

[7m17[0m import { Roles } from '../auth/decorators/roles.decorator';
[7m  [0m [91m                      ~~~~~~~~~~~~~~~~~~~~~~~~~~~~~~~~~~~~[0m
[96msrc/state-reporting/state-reporting.controller.ts[0m:[93m18[0m:[93m10[0m - [91merror[0m[90m TS2305: [0mModule '"@prisma/client"' has no exported member 'UserRole'.

[7m18[0m import { UserRole } from '@prisma/client';
[7m  [0m [91m         ~~~~~~~~[0m
[96msrc/state-reporting/state-reporting.service.ts[0m:[93m61[0m:[93m13[0m - [91merror[0m[90m TS2353: [0mObject literal may only specify known properties, and 'firstName' does not exist in 
type 'UserSelect<DefaultArgs>'.

[7m61[0m             firstName: true,
[7m  [0m [91m            ~~~~~~~~~[0m
[96msrc/state-reporting/state-reporting.service.ts[0m:[93m99[0m:[93m9[0m - [91merror[0m[90m TS2353: [0mObject literal may only specify known properties, and 'performedBy' does not exist in 
type '(Without<AuditLogCreateInput, AuditLogUncheckedCreateInput> & AuditLogUncheckedCreateInput) | (Without<...> & AuditLogCreateInput)'.

[7m99[0m         performedBy: 'SYSTEM',
[7m  [0m [91m        ~~~~~~~~~~~[0m

  [96mnode_modules/.prisma/client/index.d.ts[0m:[93m28901[0m:[93m5[0m
    [7m28901[0m     data: XOR<AuditLogCreateInput, AuditLogUncheckedCreateInput>
    [7m     [0m [96m    ~~~~[0m
    The expected type comes from property 'data' which is declared here on type '{ select?: AuditLogSelect<DefaultArgs> | null | undefined; include?: AuditLogInclude<DefaultArgs> | null | undefined; 
data: (Without<...> & AuditLogUncheckedCreateInput) | (Without<...> & AuditLogCreateInput); }'
[96msrc/state-reporting/state-reporting.service.ts[0m:[93m143[0m:[93m9[0m - [91merror[0m[90m TS2353: [0mObject literal may only specify known properties, and 'isDeleted' does not exist in 
type 'LocationWhereInput'.

[7m143[0m         isDeleted: false,
[7m   [0m [91m        ~~~~~~~~~[0m
[96msrc/state-reporting/state-reporting.service.ts[0m:[93m190[0m:[93m9[0m - [91merror[0m[90m TS2353: [0mObject literal may only specify known properties, and 'performedBy' does not exist in 
type '(Without<AuditLogCreateInput, AuditLogUncheckedCreateInput> & AuditLogUncheckedCreateInput) | (Without<...> & AuditLogCreateInput)'.

[7m190[0m         performedBy: 'SYSTEM',
[7m   [0m [91m        ~~~~~~~~~~~[0m

  [96mnode_modules/.prisma/client/index.d.ts[0m:[93m28901[0m:[93m5[0m
    [7m28901[0m     data: XOR<AuditLogCreateInput, AuditLogUncheckedCreateInput>
    [7m     [0m [96m    ~~~~[0m
    The expected type comes from property 'data' which is declared here on type '{ select?: AuditLogSelect<DefaultArgs> | null | undefined; include?: AuditLogInclude<DefaultArgs> | null | undefined; 
data: (Without<...> & AuditLogUncheckedCreateInput) | (Without<...> & AuditLogCreateInput); }'
[96msrc/state-reporting/state-reporting.service.ts[0m:[93m270[0m:[93m9[0m - [91merror[0m[90m TS2353: [0mObject literal may only specify known properties, and 'performedBy' does not exist in 
type '(Without<AuditLogCreateInput, AuditLogUncheckedCreateInput> & AuditLogUncheckedCreateInput) | (Without<...> & AuditLogCreateInput)'.

[7m270[0m         performedBy: 'SYSTEM',
[7m   [0m [91m        ~~~~~~~~~~~[0m

  [96mnode_modules/.prisma/client/index.d.ts[0m:[93m28901[0m:[93m5[0m
    [7m28901[0m     data: XOR<AuditLogCreateInput, AuditLogUncheckedCreateInput>
    [7m     [0m [96m    ~~~~[0m
    The expected type comes from property 'data' which is declared here on type '{ select?: AuditLogSelect<DefaultArgs> | null | undefined; include?: AuditLogInclude<DefaultArgs> | null | undefined; 
data: (Without<...> & AuditLogUncheckedCreateInput) | (Without<...> & AuditLogCreateInput); }'
[96msrc/state-reporting/state-reporting.service.ts[0m:[93m317[0m:[93m13[0m - [91merror[0m[90m TS2353: [0mObject literal may only specify known properties, and 'businessName' does not exist in 
type 'LocationSelect<DefaultArgs>'.

[7m317[0m             businessName: true,
[7m   [0m [91m            ~~~~~~~~~~~~[0m
[96msrc/state-reporting/state-reporting.service.ts[0m:[93m357[0m:[93m9[0m - [91merror[0m[90m TS2353: [0mObject literal may only specify known properties, and 'performedBy' does not exist in 
type '(Without<AuditLogCreateInput, AuditLogUncheckedCreateInput> & AuditLogUncheckedCreateInput) | (Without<...> & AuditLogCreateInput)'.

[7m357[0m         performedBy: 'SYSTEM',
[7m   [0m [91m        ~~~~~~~~~~~[0m

  [96mnode_modules/.prisma/client/index.d.ts[0m:[93m28901[0m:[93m5[0m
    [7m28901[0m     data: XOR<AuditLogCreateInput, AuditLogUncheckedCreateInput>
    [7m     [0m [96m    ~~~~[0m
    The expected type comes from property 'data' which is declared here on type '{ select?: AuditLogSelect<DefaultArgs> | null | undefined; include?: AuditLogInclude<DefaultArgs> | null | undefined; 
data: (Without<...> & AuditLogUncheckedCreateInput) | (Without<...> & AuditLogCreateInput); }'
[96msrc/state-reporting/state-reporting.service.ts[0m:[93m408[0m:[93m13[0m - [91merror[0m[90m TS2353: [0mObject literal may only specify known properties, and 'inventory' does not exist in 
type 'SaleItemInclude<DefaultArgs>'.

[7m408[0m             inventory: {
[7m   [0m [91m            ~~~~~~~~~[0m
[96msrc/state-reporting/state-reporting.service.ts[0m:[93m424[0m:[93m34[0m - [91merror[0m[90m TS2353: [0mObject literal may only specify known properties, and 'tax' does not exist in type 
'SaleSumAggregateInputType'.

[7m424[0m       _sum: { totalAmount: true, tax: true },
[7m   [0m [91m                                 ~~~[0m

  [96mnode_modules/.prisma/client/index.d.ts[0m:[93m25213[0m:[93m5[0m
    [7m25213[0m     _sum?: SaleSumAggregateInputType
    [7m     [0m [96m    ~~~~[0m
    The expected type comes from property '_sum' which is declared here on type 'Subset<SaleAggregateArgs<DefaultArgs>, SaleAggregateArgs<DefaultArgs>>'
[96msrc/state-reporting/state-reporting.service.ts[0m:[93m443[0m:[93m9[0m - [91merror[0m[90m TS2353: [0mObject literal may only specify known properties, and 'performedBy' does not exist in 
type '(Without<AuditLogCreateInput, AuditLogUncheckedCreateInput> & AuditLogUncheckedCreateInput) | (Without<...> & AuditLogCreateInput)'.

[7m443[0m         performedBy: 'SYSTEM',
[7m   [0m [91m        ~~~~~~~~~~~[0m

  [96mnode_modules/.prisma/client/index.d.ts[0m:[93m28901[0m:[93m5[0m
    [7m28901[0m     data: XOR<AuditLogCreateInput, AuditLogUncheckedCreateInput>
    [7m     [0m [96m    ~~~~[0m
    The expected type comes from property 'data' which is declared here on type '{ select?: AuditLogSelect<DefaultArgs> | null | undefined; include?: AuditLogInclude<DefaultArgs> | null | undefined; 
data: (Without<...> & AuditLogUncheckedCreateInput) | (Without<...> & AuditLogCreateInput); }'
[96msrc/state-reporting/state-reporting.service.ts[0m:[93m453[0m:[93m21[0m - [91merror[0m[90m TS18048: [0m'summary._count' is possibly 'undefined'.

[7m453[0m       totalRecords: summary._count.id || 0,
[7m   [0m [91m                    ~~~~~~~~~~~~~~[0m
[96msrc/state-reporting/state-reporting.service.ts[0m:[93m453[0m:[93m36[0m - [91merror[0m[90m TS2339: [0mProperty 'id' does not exist on type 'true | { id?: number | undefined; customerId?: 
number | undefined; userId?: number | undefined; totalAmount?: number | undefined; status?: number | undefined; voidedAt?: number | undefined; voidReason?: number | undefined; createdAt?: number | 
undefined; updatedAt?: number | undefined; _all?: number | undefined; }'.
  Property 'id' does not exist on type 'true'.

[7m453[0m       totalRecords: summary._count.id || 0,
[7m   [0m [91m                                   ~~[0m
[96msrc/state-reporting/state-reporting.service.ts[0m:[93m455[0m:[93m21[0m - [91merror[0m[90m TS18048: [0m'summary._count' is possibly 'undefined'.

[7m455[0m         totalSales: summary._count.id || 0,
[7m   [0m [91m                    ~~~~~~~~~~~~~~[0m
[96msrc/state-reporting/state-reporting.service.ts[0m:[93m455[0m:[93m36[0m - [91merror[0m[90m TS2339: [0mProperty 'id' does not exist on type 'true | { id?: number | undefined; customerId?: 
number | undefined; userId?: number | undefined; totalAmount?: number | undefined; status?: number | undefined; voidedAt?: number | undefined; voidReason?: number | undefined; createdAt?: number | 
undefined; updatedAt?: number | undefined; _all?: number | undefined; }'.
  Property 'id' does not exist on type 'true'.

[7m455[0m         totalSales: summary._count.id || 0,
[7m   [0m [91m                                   ~~[0m
[96msrc/state-reporting/state-reporting.service.ts[0m:[93m456[0m:[93m23[0m - [91merror[0m[90m TS18048: [0m'summary._sum' is possibly 'undefined'.

[7m456[0m         totalRevenue: summary._sum.totalAmount || 0,
[7m   [0m [91m                      ~~~~~~~~~~~~[0m
[96msrc/state-reporting/state-reporting.service.ts[0m:[93m457[0m:[93m28[0m - [91merror[0m[90m TS18048: [0m'summary._avg' is possibly 'undefined'.

[7m457[0m         averageOrderValue: summary._avg.totalAmount || 0,
[7m   [0m [91m                           ~~~~~~~~~~~~[0m
[96msrc/state-reporting/state-reporting.service.ts[0m:[93m458[0m:[93m19[0m - [91merror[0m[90m TS18048: [0m'summary._sum' is possibly 'undefined'.

[7m458[0m         totalTax: summary._sum.tax || 0,
[7m   [0m [91m                  ~~~~~~~~~~~~[0m
[96msrc/state-reporting/state-reporting.service.ts[0m:[93m458[0m:[93m32[0m - [91merror[0m[90m TS2339: [0mProperty 'tax' does not exist on type '{ totalAmount?: number | null | undefined; }'.

[7m458[0m         totalTax: summary._sum.tax || 0,
[7m   [0m [91m                               ~~~[0m
[96msrc/state-reporting/state-reporting.service.ts[0m:[93m494[0m:[93m9[0m - [91merror[0m[90m TS2353: [0mObject literal may only specify known properties, and 'fromLocation' does not exist in 
type 'TransferInclude<DefaultArgs>'.

[7m494[0m         fromLocation: {
[7m   [0m [91m        ~~~~~~~~~~~~[0m
[96msrc/state-reporting/state-reporting.service.ts[0m:[93m536[0m:[93m9[0m - [91merror[0m[90m TS2353: [0mObject literal may only specify known properties, and 'performedBy' does not exist in 
type '(Without<AuditLogCreateInput, AuditLogUncheckedCreateInput> & AuditLogUncheckedCreateInput) | (Without<...> & AuditLogCreateInput)'.

[7m536[0m         performedBy: 'SYSTEM',
[7m   [0m [91m        ~~~~~~~~~~~[0m

  [96mnode_modules/.prisma/client/index.d.ts[0m:[93m28901[0m:[93m5[0m
    [7m28901[0m     data: XOR<AuditLogCreateInput, AuditLogUncheckedCreateInput>
    [7m     [0m [96m    ~~~~[0m
    The expected type comes from property 'data' which is declared here on type '{ select?: AuditLogSelect<DefaultArgs> | null | undefined; include?: AuditLogInclude<DefaultArgs> | null | undefined; 
data: (Without<...> & AuditLogUncheckedCreateInput) | (Without<...> & AuditLogCreateInput); }'
[96msrc/state-reporting/state-reporting.service.ts[0m:[93m586[0m:[93m13[0m - [91merror[0m[90m TS2353: [0mObject literal may only specify known properties, and 'inventory' does not exist in 
type 'SampleInclude<DefaultArgs>'.

[7m586[0m             inventory: {
[7m   [0m [91m            ~~~~~~~~~[0m
[96msrc/state-reporting/state-reporting.service.ts[0m:[93m606[0m:[93m9[0m - [91merror[0m[90m TS2353: [0mObject literal may only specify known properties, and 'isDeleted' does not exist in 
type 'TestResultWhereInput'.

[7m606[0m         isDeleted: false,
[7m   [0m [91m        ~~~~~~~~~[0m

  [96mnode_modules/.prisma/client/index.d.ts[0m:[93m37870[0m:[93m5[0m
    [7m37870[0m     where?: TestResultWhereInput
    [7m     [0m [96m    ~~~~~[0m
    The expected type comes from property 'where' which is declared here on type 'Subset<TestResultAggregateArgs<DefaultArgs>, TestResultAggregateArgs<DefaultArgs>>'
[96msrc/state-reporting/state-reporting.service.ts[0m:[93m636[0m:[93m9[0m - [91merror[0m[90m TS2353: [0mObject literal may only specify known properties, and 'performedBy' does not exist in 
type '(Without<AuditLogCreateInput, AuditLogUncheckedCreateInput> & AuditLogUncheckedCreateInput) | (Without<...> & AuditLogCreateInput)'.

[7m636[0m         performedBy: 'SYSTEM',
[7m   [0m [91m        ~~~~~~~~~~~[0m

  [96mnode_modules/.prisma/client/index.d.ts[0m:[93m28901[0m:[93m5[0m
    [7m28901[0m     data: XOR<AuditLogCreateInput, AuditLogUncheckedCreateInput>
    [7m     [0m [96m    ~~~~[0m
    The expected type comes from property 'data' which is declared here on type '{ select?: AuditLogSelect<DefaultArgs> | null | undefined; include?: AuditLogInclude<DefaultArgs> | null | undefined; 
data: (Without<...> & AuditLogUncheckedCreateInput) | (Without<...> & AuditLogCreateInput); }'
[96msrc/state-reporting/state-reporting.service.ts[0m:[93m648[0m:[93m21[0m - [91merror[0m[90m TS18048: [0m'summary._count' is possibly 'undefined'.

[7m648[0m         totalTests: summary._count.id || 0,
[7m   [0m [91m                    ~~~~~~~~~~~~~~[0m
[96msrc/state-reporting/state-reporting.service.ts[0m:[93m648[0m:[93m36[0m - [91merror[0m[90m TS2339: [0mProperty 'id' does not exist on type 'true | { id?: number | undefined; sampleId?: 
number | undefined; testName?: number | undefined; result?: number | undefined; pass?: number | undefined; coaUrl?: number | undefined; ... 4 more ...; _all?: number | undefined; }'.
  Property 'id' does not exist on type 'true'.

[7m648[0m         totalTests: summary._count.id || 0,
[7m   [0m [91m                                   ~~[0m
[96msrc/state-reporting/state-reporting.service.ts[0m:[93m650[0m:[93m19[0m - [91merror[0m[90m TS18048: [0m'summary._count' is possibly 'undefined'.

[7m650[0m         passRate: summary._count.id > 0 ? (((summary._count.id - failedCount) / summary._count.id) * 100).toFixed(2) + '%' : '100%',
[7m   [0m [91m                  ~~~~~~~~~~~~~~[0m
[96msrc/state-reporting/state-reporting.service.ts[0m:[93m650[0m:[93m34[0m - [91merror[0m[90m TS2339: [0mProperty 'id' does not exist on type 'true | { id?: number | undefined; sampleId?: 
number | undefined; testName?: number | undefined; result?: number | undefined; pass?: number | undefined; coaUrl?: number | undefined; ... 4 more ...; _all?: number | undefined; }'.
  Property 'id' does not exist on type 'true'.

[7m650[0m         passRate: summary._count.id > 0 ? (((summary._count.id - failedCount) / summary._count.id) * 100).toFixed(2) + '%' : '100%',
[7m   [0m [91m                                 ~~[0m
[96msrc/state-reporting/state-reporting.service.ts[0m:[93m650[0m:[93m46[0m - [91merror[0m[90m TS18048: [0m'summary._count' is possibly 'undefined'.

[7m650[0m         passRate: summary._count.id > 0 ? (((summary._count.id - failedCount) / summary._count.id) * 100).toFixed(2) + '%' : '100%',
[7m   [0m [91m                                             ~~~~~~~~~~~~~~[0m
[96msrc/state-reporting/state-reporting.service.ts[0m:[93m650[0m:[93m61[0m - [91merror[0m[90m TS2339: [0mProperty 'id' does not exist on type 'true | { id?: number | undefined; sampleId?: 
number | undefined; testName?: number | undefined; result?: number | undefined; pass?: number | undefined; coaUrl?: number | undefined; ... 4 more ...; _all?: number | undefined; }'.
  Property 'id' does not exist on type 'true'.

[7m650[0m         passRate: summary._count.id > 0 ? (((summary._count.id - failedCount) / summary._count.id) * 100).toFixed(2) + '%' : '100%',
[7m   [0m [91m                                                            ~~[0m
[96msrc/state-reporting/state-reporting.service.ts[0m:[93m650[0m:[93m81[0m - [91merror[0m[90m TS18048: [0m'summary._count' is possibly 'undefined'.

[7m650[0m         passRate: summary._count.id > 0 ? (((summary._count.id - failedCount) / summary._count.id) * 100).toFixed(2) + '%' : '100%',
[7m   [0m [91m                                                                                ~~~~~~~~~~~~~~[0m
[96msrc/state-reporting/state-reporting.service.ts[0m:[93m650[0m:[93m96[0m - [91merror[0m[90m TS2339: [0mProperty 'id' does not exist on type 'true | { id?: number | undefined; sampleId?: 
number | undefined; testName?: number | undefined; result?: number | undefined; pass?: number | undefined; coaUrl?: number | undefined; ... 4 more ...; _all?: number | undefined; }'.
  Property 'id' does not exist on type 'true'.

[7m650[0m         passRate: summary._count.id > 0 ? (((summary._count.id - failedCount) / summary._count.id) * 100).toFixed(2) + '%' : '100%',
[7m   [0m [91m                                                                                               ~~[0m
[96msrc/state-reporting/state-reporting.service.ts[0m:[93m706[0m:[93m9[0m - [91merror[0m[90m TS2353: [0mObject literal may only specify known properties, and 'performedBy' does not exist in 
type '(Without<AuditLogCreateInput, AuditLogUncheckedCreateInput> & AuditLogUncheckedCreateInput) | (Without<...> & AuditLogCreateInput)'.

[7m706[0m         performedBy: 'SYSTEM',
[7m   [0m [91m        ~~~~~~~~~~~[0m

  [96mnode_modules/.prisma/client/index.d.ts[0m:[93m28901[0m:[93m5[0m
    [7m28901[0m     data: XOR<AuditLogCreateInput, AuditLogUncheckedCreateInput>
    [7m     [0m [96m    ~~~~[0m
    The expected type comes from property 'data' which is declared here on type '{ select?: AuditLogSelect<DefaultArgs> | null | undefined; include?: AuditLogInclude<DefaultArgs> | null | undefined; 
data: (Without<...> & AuditLogUncheckedCreateInput) | (Without<...> & AuditLogCreateInput); }'
[96msrc/state-reporting/state-reporting.service.ts[0m:[93m716[0m:[93m7[0m - [91merror[0m[90m TS2322: [0mType 'unknown' is not assignable to type 'number'.

[7m716[0m       totalRecords: Object.values(reportData.dataSources).reduce((sum: number, val: any) => sum + (typeof val === 'number' ? val : 0), 0),
[7m   [0m [91m      ~~~~~~~~~~~~[0m

  [96msrc/state-reporting/dto/reporting.dto.ts[0m:[93m191[0m:[93m3[0m
    [7m191[0m   totalRecords: number;
    [7m   [0m [96m  ~~~~~~~~~~~~[0m
    The expected type comes from property 'totalRecords' which is declared here on type 'ReportResponseDto'
[96msrc/state-user-management/state-user-management.service.ts[0m:[93m36[0m:[93m9[0m - [91merror[0m[90m TS2353: [0mObject literal may only specify known properties, and 'password' does not 
exist in type '(Without<UserCreateInput, UserUncheckedCreateInput> & UserUncheckedCreateInput) | (Without<...> & UserCreateInput)'.

[7m36[0m         password: hashedPassword,
[7m  [0m [91m        ~~~~~~~~[0m

  [96mnode_modules/.prisma/client/index.d.ts[0m:[93m6349[0m:[93m5[0m
    [7m6349[0m     data: XOR<UserCreateInput, UserUncheckedCreateInput>
    [7m    [0m [96m    ~~~~[0m
    The expected type comes from property 'data' which is declared here on type '{ select?: UserSelect<DefaultArgs> | null | undefined; include?: UserInclude<DefaultArgs> | null | undefined; data: 
(Without<UserCreateInput, UserUncheckedCreateInput> & UserUncheckedCreateInput) | (Without<...> & UserCreateInput); }'
[96msrc/state-user-management/state-user-management.service.ts[0m:[93m52[0m:[93m9[0m - [91merror[0m[90m TS2353: [0mObject literal may only specify known properties, and 'userType' does not 
exist in type 'UserSelect<DefaultArgs>'.

[7m52[0m         userType: true,
[7m  [0m [91m        ~~~~~~~~[0m

  [96mnode_modules/.prisma/client/index.d.ts[0m:[93m6341[0m:[93m5[0m
    [7m6341[0m     select?: UserSelect<ExtArgs> | null
    [7m    [0m [96m    ~~~~~~[0m
    The expected type comes from property 'select' which is declared here on type '{ select?: UserSelect<DefaultArgs> | null | undefined; include?: UserInclude<DefaultArgs> | null | undefined; data: 
(Without<UserCreateInput, UserUncheckedCreateInput> & UserUncheckedCreateInput) | (Without<...> & UserCreateInput); }'
[96msrc/state-user-management/state-user-management.service.ts[0m:[93m66[0m:[93m9[0m - [91merror[0m[90m TS2353: [0mObject literal may only specify known properties, and 'changes' does not 
exist in type 'Without<AuditLogCreateInput, AuditLogUncheckedCreateInput> & AuditLogUncheckedCreateInput'.

[7m66[0m         changes: { created: dto },
[7m  [0m [91m        ~~~~~~~[0m

  [96mnode_modules/.prisma/client/index.d.ts[0m:[93m28901[0m:[93m5[0m
    [7m28901[0m     data: XOR<AuditLogCreateInput, AuditLogUncheckedCreateInput>
    [7m     [0m [96m    ~~~~[0m
    The expected type comes from property 'data' which is declared here on type '{ select?: AuditLogSelect<DefaultArgs> | null | undefined; include?: AuditLogInclude<DefaultArgs> | null | undefined; 
data: (Without<...> & AuditLogUncheckedCreateInput) | (Without<...> & AuditLogCreateInput); }'
[96msrc/state-user-management/state-user-management.service.ts[0m:[93m84[0m:[93m7[0m - [91merror[0m[90m TS2353: [0mObject literal may only specify known properties, and 'userType' does not 
exist in type 'UserWhereInput'.

[7m84[0m       userType: 'STATE',
[7m  [0m [91m      ~~~~~~~~[0m
[96msrc/state-user-management/state-user-management.service.ts[0m:[93m96[0m:[93m13[0m - [91merror[0m[90m TS2339: [0mProperty 'metadata' does not exist on type 'UserWhereInput'.

[7m96[0m       where.metadata = {
[7m  [0m [91m            ~~~~~~~~[0m
[96msrc/state-user-management/state-user-management.service.ts[0m:[93m115[0m:[93m11[0m - [91merror[0m[90m TS2353: [0mObject literal may only specify known properties, and 'userType' does not 
exist in type 'UserSelect<DefaultArgs>'.

[7m115[0m           userType: true,
[7m   [0m [91m          ~~~~~~~~[0m
[96msrc/state-user-management/state-user-management.service.ts[0m:[93m144[0m:[93m9[0m - [91merror[0m[90m TS2353: [0mObject literal may only specify known properties, and 'userType' does not 
exist in type 'UserWhereInput'.

[7m144[0m         userType: 'STATE',
[7m   [0m [91m        ~~~~~~~~[0m
[96msrc/state-user-management/state-user-management.service.ts[0m:[93m151[0m:[93m9[0m - [91merror[0m[90m TS2353: [0mObject literal may only specify known properties, and 'userType' does not 
exist in type 'UserSelect<DefaultArgs>'.

[7m151[0m         userType: true,
[7m   [0m [91m        ~~~~~~~~[0m
[96msrc/state-user-management/state-user-management.service.ts[0m:[93m175[0m:[93m9[0m - [91merror[0m[90m TS2353: [0mObject literal may only specify known properties, and 'userType' does not 
exist in type 'UserWhereInput'.

[7m175[0m         userType: 'STATE',
[7m   [0m [91m        ~~~~~~~~[0m
[96msrc/state-user-management/state-user-management.service.ts[0m:[93m186[0m:[93m36[0m - [91merror[0m[90m TS2339: [0mProperty 'metadata' does not exist on type 'GetResult<{ id: string; 
parentLocationId: string | null; name: string; email: string; phone: string | null; passwordHash: string; status: string; isActive: boolean; createdAt: Date; updatedAt: Date; deletedAt: Date | null; }, 
unknown> & {}'.

[7m186[0m     const metadata = (existingUser.metadata as any) || {};
[7m   [0m [91m                                   ~~~~~~~~[0m
[96msrc/state-user-management/state-user-management.service.ts[0m:[93m200[0m:[93m16[0m - [91merror[0m[90m TS2339: [0mProperty 'metadata' does not exist on type 'UserUpdateInput'.

[7m200[0m     updateData.metadata = metadata;
[7m   [0m [91m               ~~~~~~~~[0m
[96msrc/state-user-management/state-user-management.service.ts[0m:[93m213[0m:[93m9[0m - [91merror[0m[90m TS2353: [0mObject literal may only specify known properties, and 'userType' does not 
exist in type 'UserSelect<DefaultArgs>'.

[7m213[0m         userType: true,
[7m   [0m [91m        ~~~~~~~~[0m

  [96mnode_modules/.prisma/client/index.d.ts[0m:[93m6372[0m:[93m5[0m
    [7m6372[0m     select?: UserSelect<ExtArgs> | null
    [7m    [0m [96m    ~~~~~~[0m
    The expected type comes from property 'select' which is declared here on type '{ select?: UserSelect<DefaultArgs> | null | undefined; include?: UserInclude<DefaultArgs> | null | undefined; data: 
(Without<UserUpdateInput, UserUncheckedUpdateInput> & UserUncheckedUpdateInput) | (Without<...> & UserUpdateInput); where: UserWhereUniqueInput; }'
[96msrc/state-user-management/state-user-management.service.ts[0m:[93m227[0m:[93m9[0m - [91merror[0m[90m TS2353: [0mObject literal may only specify known properties, and 'changes' does not 
exist in type 'Without<AuditLogCreateInput, AuditLogUncheckedCreateInput> & AuditLogUncheckedCreateInput'.

[7m227[0m         changes: { updated: dto },
[7m   [0m [91m        ~~~~~~~[0m

  [96mnode_modules/.prisma/client/index.d.ts[0m:[93m28901[0m:[93m5[0m
    [7m28901[0m     data: XOR<AuditLogCreateInput, AuditLogUncheckedCreateInput>
    [7m     [0m [96m    ~~~~[0m
    The expected type comes from property 'data' which is declared here on type '{ select?: AuditLogSelect<DefaultArgs> | null | undefined; include?: AuditLogInclude<DefaultArgs> | null | undefined; 
data: (Without<...> & AuditLogUncheckedCreateInput) | (Without<...> & AuditLogCreateInput); }'
[96msrc/state-user-management/state-user-management.service.ts[0m:[93m243[0m:[93m9[0m - [91merror[0m[90m TS2353: [0mObject literal may only specify known properties, and 'userType' does not 
exist in type 'UserWhereInput'.

[7m243[0m         userType: 'STATE',
[7m   [0m [91m        ~~~~~~~~[0m
[96msrc/state-user-management/state-user-management.service.ts[0m:[93m263[0m:[93m9[0m - [91merror[0m[90m TS2353: [0mObject literal may only specify known properties, and 'changes' does not 
exist in type 'Without<AuditLogCreateInput, AuditLogUncheckedCreateInput> & AuditLogUncheckedCreateInput'.

[7m263[0m         changes: { deleted: true },
[7m   [0m [91m        ~~~~~~~[0m

  [96mnode_modules/.prisma/client/index.d.ts[0m:[93m28901[0m:[93m5[0m
    [7m28901[0m     data: XOR<AuditLogCreateInput, AuditLogUncheckedCreateInput>
    [7m     [0m [96m    ~~~~[0m
    The expected type comes from property 'data' which is declared here on type '{ select?: AuditLogSelect<DefaultArgs> | null | undefined; include?: AuditLogInclude<DefaultArgs> | null | undefined; 
data: (Without<...> & AuditLogUncheckedCreateInput) | (Without<...> & AuditLogCreateInput); }'
[96msrc/state-user-management/state-user-management.service.ts[0m:[93m279[0m:[93m9[0m - [91merror[0m[90m TS2353: [0mObject literal may only specify known properties, and 'userType' does not 
exist in type 'UserWhereInput'.

[7m279[0m         userType: 'STATE',
[7m   [0m [91m        ~~~~~~~~[0m
[96msrc/state-user-management/state-user-management.service.ts[0m:[93m292[0m:[93m9[0m - [91merror[0m[90m TS2322: [0mType 'string[]' is not assignable to type 
'UserPermissionUncheckedUpdateManyWithoutUserNestedInput | UserPermissionUpdateManyWithoutUserNestedInput | undefined'.

[7m292[0m         permissions: dto.permissions,
[7m   [0m [91m        ~~~~~~~~~~~[0m

  [96mnode_modules/.prisma/client/index.d.ts[0m:[93m45589[0m:[93m5[0m
    [7m45589[0m     permissions?: UserPermissionUncheckedUpdateManyWithoutUserNestedInput
    [7m     [0m [96m    ~~~~~~~~~~~[0m
    The expected type comes from property 'permissions' which is declared here on type '(Without<UserUpdateInput, UserUncheckedUpdateInput> & UserUncheckedUpdateInput) | (Without<...> & 
UserUpdateInput)'
[96msrc/state-user-management/state-user-management.service.ts[0m:[93m300[0m:[93m9[0m - [91merror[0m[90m TS2353: [0mObject literal may only specify known properties, and 'accessibleUbis' does 
not exist in type 'UserSelect<DefaultArgs>'.

[7m300[0m         accessibleUbis: true,
[7m   [0m [91m        ~~~~~~~~~~~~~~[0m

  [96mnode_modules/.prisma/client/index.d.ts[0m:[93m6372[0m:[93m5[0m
    [7m6372[0m     select?: UserSelect<ExtArgs> | null
    [7m    [0m [96m    ~~~~~~[0m
    The expected type comes from property 'select' which is declared here on type '{ select?: UserSelect<DefaultArgs> | null | undefined; include?: UserInclude<DefaultArgs> | null | undefined; data: 
(Without<UserUpdateInput, UserUncheckedUpdateInput> & UserUncheckedUpdateInput) | (Without<...> & UserUpdateInput); where: UserWhereUniqueInput; }'
[96msrc/state-user-management/state-user-management.service.ts[0m:[93m310[0m:[93m9[0m - [91merror[0m[90m TS2353: [0mObject literal may only specify known properties, and 'changes' does not 
exist in type 'Without<AuditLogCreateInput, AuditLogUncheckedCreateInput> & AuditLogUncheckedCreateInput'.

[7m310[0m         changes: { permissions: dto },
[7m   [0m [91m        ~~~~~~~[0m

  [96mnode_modules/.prisma/client/index.d.ts[0m:[93m28901[0m:[93m5[0m
    [7m28901[0m     data: XOR<AuditLogCreateInput, AuditLogUncheckedCreateInput>
    [7m     [0m [96m    ~~~~[0m
    The expected type comes from property 'data' which is declared here on type '{ select?: AuditLogSelect<DefaultArgs> | null | undefined; include?: AuditLogInclude<DefaultArgs> | null | undefined; 
data: (Without<...> & AuditLogUncheckedCreateInput) | (Without<...> & AuditLogCreateInput); }'
[96msrc/system-admin/system-admin.service.ts[0m:[93m43[0m:[93m9[0m - [91merror[0m[90m TS2353: [0mObject literal may only specify known properties, and 'changes' does not exist in type 
'Without<AuditLogCreateInput, AuditLogUncheckedCreateInput> & AuditLogUncheckedCreateInput'.

[7m43[0m         changes: JSON.stringify(updateDto),
[7m  [0m [91m        ~~~~~~~[0m

  [96mnode_modules/.prisma/client/index.d.ts[0m:[93m28901[0m:[93m5[0m
    [7m28901[0m     data: XOR<AuditLogCreateInput, AuditLogUncheckedCreateInput>
    [7m     [0m [96m    ~~~~[0m
    The expected type comes from property 'data' which is declared here on type '{ select?: AuditLogSelect<DefaultArgs> | null | undefined; include?: AuditLogInclude<DefaultArgs> | null | undefined; 
data: (Without<...> & AuditLogUncheckedCreateInput) | (Without<...> & AuditLogCreateInput); }'
[96msrc/system-admin/system-admin.service.ts[0m:[93m73[0m:[93m11[0m - [91merror[0m[90m TS2353: [0mObject literal may only specify known properties, and 'firstName' does not exist in type 
'UserSelect<DefaultArgs>'.

[7m73[0m           firstName: true,
[7m  [0m [91m          ~~~~~~~~~[0m
[96msrc/system-admin/system-admin.service.ts[0m:[93m139[0m:[93m15[0m - [91merror[0m[90m TS2353: [0mObject literal may only specify known properties, and 'firstName' does not exist in type 
'UserSelect<DefaultArgs>'.

[7m139[0m               firstName: true,
[7m   [0m [91m              ~~~~~~~~~[0m
[96msrc/system-admin/system-admin.service.ts[0m:[93m219[0m:[93m9[0m - [91merror[0m[90m TS2353: [0mObject literal may only specify known properties, and 'changes' does not exist in type 
'Without<AuditLogCreateInput, AuditLogUncheckedCreateInput> & AuditLogUncheckedCreateInput'.

[7m219[0m         changes: JSON.stringify(backupDto),
[7m   [0m [91m        ~~~~~~~[0m

  [96mnode_modules/.prisma/client/index.d.ts[0m:[93m28901[0m:[93m5[0m
    [7m28901[0m     data: XOR<AuditLogCreateInput, AuditLogUncheckedCreateInput>
    [7m     [0m [96m    ~~~~[0m
    The expected type comes from property 'data' which is declared here on type '{ select?: AuditLogSelect<DefaultArgs> | null | undefined; include?: AuditLogInclude<DefaultArgs> | null | undefined; 
data: (Without<...> & AuditLogUncheckedCreateInput) | (Without<...> & AuditLogCreateInput); }'
[96msrc/system-admin/system-admin.service.ts[0m:[93m257[0m:[93m19[0m - [91merror[0m[90m TS2339: [0mProperty 'action' does not exist on type 'GetResult<{ id: string; userId: string | null; 
module: string; entityType: string; entityId: string; actionType: string; details: JsonValue; createdAt: Date; }, unknown> & {}'.

[7m257[0m         type: log.action,
[7m   [0m [91m                  ~~~~~~[0m
[96msrc/system-admin/system-admin.service.ts[0m:[93m258[0m:[93m25[0m - [91merror[0m[90m TS2339: [0mProperty 'action' does not exist on type 'GetResult<{ id: string; userId: string | null; 
module: string; entityType: string; entityId: string; actionType: string; details: JsonValue; createdAt: Date; }, unknown> & {}'.

[7m258[0m         message: `${log.action} on ${log.entity}`,
[7m   [0m [91m                        ~~~~~~[0m
[96msrc/system-admin/system-admin.service.ts[0m:[93m258[0m:[93m42[0m - [91merror[0m[90m TS2551: [0mProperty 'entity' does not exist on type 'GetResult<{ id: string; userId: string | null; 
module: string; entityType: string; entityId: string; actionType: string; details: JsonValue; createdAt: Date; }, unknown> & {}'. Did you mean 'entityId'?

[7m258[0m         message: `${log.action} on ${log.entity}`,
[7m   [0m [91m                                         ~~~~~~[0m
[96msrc/system-admin/system-admin.service.ts[0m:[93m281[0m:[93m9[0m - [91merror[0m[90m TS2353: [0mObject literal may only specify known properties, and 'changes' does not exist in type 
'Without<AuditLogCreateInput, AuditLogUncheckedCreateInput> & AuditLogUncheckedCreateInput'.

[7m281[0m         changes: JSON.stringify({ cleared: true }),
[7m   [0m [91m        ~~~~~~~[0m

  [96mnode_modules/.prisma/client/index.d.ts[0m:[93m28901[0m:[93m5[0m
    [7m28901[0m     data: XOR<AuditLogCreateInput, AuditLogUncheckedCreateInput>
    [7m     [0m [96m    ~~~~[0m
    The expected type comes from property 'data' which is declared here on type '{ select?: AuditLogSelect<DefaultArgs> | null | undefined; include?: AuditLogInclude<DefaultArgs> | null | undefined; 
data: (Without<...> & AuditLogUncheckedCreateInput) | (Without<...> & AuditLogCreateInput); }'
[96msrc/system-admin/system-admin.service.ts[0m:[93m296[0m:[93m9[0m - [91merror[0m[90m TS2353: [0mObject literal may only specify known properties, and 'lastLoginAt' does not exist in type 
'UserWhereInput'.

[7m296[0m         lastLoginAt: {
[7m   [0m [91m        ~~~~~~~~~~~[0m
[96msrc/testing/testing.service.ts[0m:[93m32[0m:[93m9[0m - [91merror[0m[90m TS2353: [0mObject literal may only specify known properties, and 'sampleType' does not exist in type 
'(Without<SampleCreateInput, SampleUncheckedCreateInput> & SampleUncheckedCreateInput) | (Without<...> & SampleCreateInput)'.

[7m32[0m         sampleType: dto.sampleType,
[7m  [0m [91m        ~~~~~~~~~~[0m

  [96mnode_modules/.prisma/client/index.d.ts[0m:[93m37630[0m:[93m5[0m
    [7m37630[0m     data: XOR<SampleCreateInput, SampleUncheckedCreateInput>
    [7m     [0m [96m    ~~~~[0m
    The expected type comes from property 'data' which is declared here on type '{ select?: SampleSelect<DefaultArgs> | null | undefined; include?: SampleInclude<DefaultArgs> | null | undefined; data: 
(Without<...> & SampleUncheckedCreateInput) | (Without<...> & SampleCreateInput); }'
[96msrc/testing/testing.service.ts[0m:[93m56[0m:[93m9[0m - [91merror[0m[90m TS2353: [0mObject literal may only specify known properties, and 'newValue' does not exist in type 
'Without<AuditLogCreateInput, AuditLogUncheckedCreateInput> & AuditLogUncheckedCreateInput'.

[7m56[0m         newValue: JSON.stringify(sample),
[7m  [0m [91m        ~~~~~~~~[0m

  [96mnode_modules/.prisma/client/index.d.ts[0m:[93m28901[0m:[93m5[0m
    [7m28901[0m     data: XOR<AuditLogCreateInput, AuditLogUncheckedCreateInput>
    [7m     [0m [96m    ~~~~[0m
    The expected type comes from property 'data' which is declared here on type '{ select?: AuditLogSelect<DefaultArgs> | null | undefined; include?: AuditLogInclude<DefaultArgs> | null | undefined; 
data: (Without<...> & AuditLogUncheckedCreateInput) | (Without<...> & AuditLogCreateInput); }'
[96msrc/testing/testing.service.ts[0m:[93m71[0m:[93m9[0m - [91merror[0m[90m TS2353: [0mObject literal may only specify known properties, and 'inventoryItem' does not exist in type 
'SampleInclude<DefaultArgs>'.

[7m71[0m         inventoryItem: true,
[7m  [0m [91m        ~~~~~~~~~~~~~[0m
[96msrc/testing/testing.service.ts[0m:[93m79[0m:[93m16[0m - [91merror[0m[90m TS2551: [0mProperty 'inventoryItem' does not exist on type 'GetResult<{ id: string; inventoryItemId: string; 
labLocationId: string | null; sampleBarcode: string; panelId: string | null; quantity: number; unit: string; status: string; voidedAt: Date | null; ... 4 more ...; deletedAt: Date | null; }, unknown> & 
{}'. Did you mean 'inventoryItemId'?

[7m79[0m     if (sample.inventoryItem.locationId !== locationId) {
[7m  [0m [91m               ~~~~~~~~~~~~~[0m
[96msrc/testing/testing.service.ts[0m:[93m91[0m:[93m9[0m - [91merror[0m[90m TS2353: [0mObject literal may only specify known properties, and 'labName' does not exist in type 
'(Without<SampleUpdateInput, SampleUncheckedUpdateInput> & SampleUncheckedUpdateInput) | (Without<...> & SampleUpdateInput)'.

[7m91[0m         labName: dto.labName,
[7m  [0m [91m        ~~~~~~~[0m

  [96mnode_modules/.prisma/client/index.d.ts[0m:[93m37661[0m:[93m5[0m
    [7m37661[0m     data: XOR<SampleUpdateInput, SampleUncheckedUpdateInput>
    [7m     [0m [96m    ~~~~[0m
    The expected type comes from property 'data' which is declared here on type '{ select?: SampleSelect<DefaultArgs> | null | undefined; include?: SampleInclude<DefaultArgs> | null | undefined; data: 
(Without<...> & SampleUncheckedUpdateInput) | (Without<...> & SampleUpdateInput); where: SampleWhereUniqueInput; }'
[96msrc/testing/testing.service.ts[0m:[93m106[0m:[93m9[0m - [91merror[0m[90m TS2353: [0mObject literal may only specify known properties, and 'oldValue' does not exist in type 
'Without<AuditLogCreateInput, AuditLogUncheckedCreateInput> & AuditLogUncheckedCreateInput'.

[7m106[0m         oldValue: JSON.stringify(sample),
[7m   [0m [91m        ~~~~~~~~[0m

  [96mnode_modules/.prisma/client/index.d.ts[0m:[93m28901[0m:[93m5[0m
    [7m28901[0m     data: XOR<AuditLogCreateInput, AuditLogUncheckedCreateInput>
    [7m     [0m [96m    ~~~~[0m
    The expected type comes from property 'data' which is declared here on type '{ select?: AuditLogSelect<DefaultArgs> | null | undefined; include?: AuditLogInclude<DefaultArgs> | null | undefined; 
data: (Without<...> & AuditLogUncheckedCreateInput) | (Without<...> & AuditLogCreateInput); }'
[96msrc/testing/testing.service.ts[0m:[93m122[0m:[93m9[0m - [91merror[0m[90m TS2353: [0mObject literal may only specify known properties, and 'inventoryItem' does not exist in type 
'SampleInclude<DefaultArgs>'.

[7m122[0m         inventoryItem: true,
[7m   [0m [91m        ~~~~~~~~~~~~~[0m
[96msrc/testing/testing.service.ts[0m:[93m130[0m:[93m16[0m - [91merror[0m[90m TS2551: [0mProperty 'inventoryItem' does not exist on type 'GetResult<{ id: string; inventoryItemId: string; 
labLocationId: string | null; sampleBarcode: string; panelId: string | null; quantity: number; unit: string; status: string; voidedAt: Date | null; ... 4 more ...; deletedAt: Date | null; }, unknown> & 
{}'. Did you mean 'inventoryItemId'?

[7m130[0m     if (sample.inventoryItem.locationId !== locationId) {
[7m   [0m [91m               ~~~~~~~~~~~~~[0m
[96msrc/testing/testing.service.ts[0m:[93m138[0m:[93m9[0m - [91merror[0m[90m TS2353: [0mObject literal may only specify known properties, and 'remediationType' does not exist in type 
'(Without<SampleUpdateInput, SampleUncheckedUpdateInput> & SampleUncheckedUpdateInput) | (Without<...> & SampleUpdateInput)'.

[7m138[0m         remediationType: dto.remediationType,
[7m   [0m [91m        ~~~~~~~~~~~~~~~[0m

  [96mnode_modules/.prisma/client/index.d.ts[0m:[93m37661[0m:[93m5[0m
    [7m37661[0m     data: XOR<SampleUpdateInput, SampleUncheckedUpdateInput>
    [7m     [0m [96m    ~~~~[0m
    The expected type comes from property 'data' which is declared here on type '{ select?: SampleSelect<DefaultArgs> | null | undefined; include?: SampleInclude<DefaultArgs> | null | undefined; data: 
(Without<...> & SampleUncheckedUpdateInput) | (Without<...> & SampleUpdateInput); where: SampleWhereUniqueInput; }'
[96msrc/testing/testing.service.ts[0m:[93m152[0m:[93m9[0m - [91merror[0m[90m TS2353: [0mObject literal may only specify known properties, and 'oldValue' does not exist in type 
'Without<AuditLogCreateInput, AuditLogUncheckedCreateInput> & AuditLogUncheckedCreateInput'.

[7m152[0m         oldValue: JSON.stringify(sample),
[7m   [0m [91m        ~~~~~~~~[0m

  [96mnode_modules/.prisma/client/index.d.ts[0m:[93m28901[0m:[93m5[0m
    [7m28901[0m     data: XOR<AuditLogCreateInput, AuditLogUncheckedCreateInput>
    [7m     [0m [96m    ~~~~[0m
    The expected type comes from property 'data' which is declared here on type '{ select?: AuditLogSelect<DefaultArgs> | null | undefined; include?: AuditLogInclude<DefaultArgs> | null | undefined; 
data: (Without<...> & AuditLogUncheckedCreateInput) | (Without<...> & AuditLogCreateInput); }'
[96msrc/testing/testing.service.ts[0m:[93m167[0m:[93m9[0m - [91merror[0m[90m TS2353: [0mObject literal may only specify known properties, and 'inventoryItem' does not exist in type 
'SampleInclude<DefaultArgs>'.

[7m167[0m         inventoryItem: true,
[7m   [0m [91m        ~~~~~~~~~~~~~[0m
[96msrc/testing/testing.service.ts[0m:[93m176[0m:[93m16[0m - [91merror[0m[90m TS2551: [0mProperty 'inventoryItem' does not exist on type 'GetResult<{ id: string; inventoryItemId: string; 
labLocationId: string | null; sampleBarcode: string; panelId: string | null; quantity: number; unit: string; status: string; voidedAt: Date | null; ... 4 more ...; deletedAt: Date | null; }, unknown> & 
{}'. Did you mean 'inventoryItemId'?

[7m176[0m     if (sample.inventoryItem.locationId !== locationId) {
[7m   [0m [91m               ~~~~~~~~~~~~~[0m
[96msrc/testing/testing.service.ts[0m:[93m217[0m:[93m15[0m - [91merror[0m[90m TS2353: [0mObject literal may only specify known properties, and 'testType' does not exist in type 
'TestResultSelect<DefaultArgs>'.

[7m217[0m               testType: true,
[7m   [0m [91m              ~~~~~~~~[0m
[96msrc/transfer/transfer.service.ts[0m:[93m91[0m:[93m9[0m - [91merror[0m[90m TS2353: [0mObject literal may only specify known properties, and 'driverId' does not exist in type 
'Without<TransferCreateInput, TransferUncheckedCreateInput> & TransferUncheckedCreateInput'.

[7m91[0m         driverId: dto.driverId,
[7m  [0m [91m        ~~~~~~~~[0m

  [96mnode_modules/.prisma/client/index.d.ts[0m:[93m18171[0m:[93m5[0m
    [7m18171[0m     data: XOR<TransferCreateInput, TransferUncheckedCreateInput>
    [7m     [0m [96m    ~~~~[0m
    The expected type comes from property 'data' which is declared here on type '{ select?: TransferSelect<DefaultArgs> | null | undefined; include?: TransferInclude<DefaultArgs> | null | undefined; 
data: (Without<...> & TransferUncheckedCreateInput) | (Without<...> & TransferCreateInput); }'
[96msrc/transfer/transfer.service.ts[0m:[93m104[0m:[93m9[0m - [91merror[0m[90m TS2353: [0mObject literal may only specify known properties, and 'items' does not exist in type 
'TransferInclude<DefaultArgs>'.

[7m104[0m         items: {
[7m   [0m [91m        ~~~~~[0m

  [96mnode_modules/.prisma/client/index.d.ts[0m:[93m18167[0m:[93m5[0m
    [7m18167[0m     include?: TransferInclude<ExtArgs> | null
    [7m     [0m [96m    ~~~~~~~[0m
    The expected type comes from property 'include' which is declared here on type '{ select?: TransferSelect<DefaultArgs> | null | undefined; include?: TransferInclude<DefaultArgs> | null | undefined; 
data: (Without<...> & TransferUncheckedCreateInput) | (Without<...> & TransferCreateInput); }'
[96msrc/transfer/transfer.service.ts[0m:[93m135[0m:[93m9[0m - [91merror[0m[90m TS2353: [0mObject literal may only specify known properties, and 'changes' does not exist in type 
'Without<AuditLogCreateInput, AuditLogUncheckedCreateInput> & AuditLogUncheckedCreateInput'.

[7m135[0m         changes: JSON.stringify({
[7m   [0m [91m        ~~~~~~~[0m

  [96mnode_modules/.prisma/client/index.d.ts[0m:[93m28901[0m:[93m5[0m
    [7m28901[0m     data: XOR<AuditLogCreateInput, AuditLogUncheckedCreateInput>
    [7m     [0m [96m    ~~~~[0m
    The expected type comes from property 'data' which is declared here on type '{ select?: AuditLogSelect<DefaultArgs> | null | undefined; include?: AuditLogInclude<DefaultArgs> | null | undefined; 
data: (Without<...> & AuditLogUncheckedCreateInput) | (Without<...> & AuditLogCreateInput); }'
[96msrc/transfer/transfer.service.ts[0m:[93m165[0m:[93m11[0m - [91merror[0m[90m TS2353: [0mObject literal may only specify known properties, and 'items' does not exist in type 
'TransferInclude<DefaultArgs>'.

[7m165[0m           items: {
[7m   [0m [91m          ~~~~~[0m
[96msrc/transfer/transfer.service.ts[0m:[93m200[0m:[93m9[0m - [91merror[0m[90m TS2353: [0mObject literal may only specify known properties, and 'items' does not exist in type 
'TransferInclude<DefaultArgs>'.

[7m200[0m         items: {
[7m   [0m [91m        ~~~~~[0m
[96msrc/transfer/transfer.service.ts[0m:[93m209[0m:[93m18[0m - [91merror[0m[90m TS2353: [0mObject literal may only specify known properties, and 'estimatedArrival' does not exist in type 
'Enumerable<TransferOrderByWithRelationInput>'.

[7m209[0m       orderBy: { estimatedArrival: 'asc' },
[7m   [0m [91m                 ~~~~~~~~~~~~~~~~[0m
[96msrc/transfer/transfer.service.ts[0m:[93m224[0m:[93m9[0m - [91merror[0m[90m TS2353: [0mObject literal may only specify known properties, and 'estimatedArrival' does not exist in type 
'TransferWhereInput'.

[7m224[0m         estimatedArrival: {
[7m   [0m [91m        ~~~~~~~~~~~~~~~~[0m
[96msrc/transfer/transfer.service.ts[0m:[93m229[0m:[93m9[0m - [91merror[0m[90m TS2353: [0mObject literal may only specify known properties, and 'items' does not exist in type 
'TransferInclude<DefaultArgs>'.

[7m229[0m         items: {
[7m   [0m [91m        ~~~~~[0m
[96msrc/transfer/transfer.service.ts[0m:[93m238[0m:[93m18[0m - [91merror[0m[90m TS2353: [0mObject literal may only specify known properties, and 'estimatedArrival' does not exist in type 
'Enumerable<TransferOrderByWithRelationInput>'.

[7m238[0m       orderBy: { estimatedArrival: 'asc' },
[7m   [0m [91m                 ~~~~~~~~~~~~~~~~[0m
[96msrc/transfer/transfer.service.ts[0m:[93m248[0m:[93m9[0m - [91merror[0m[90m TS2353: [0mObject literal may only specify known properties, and 'items' does not exist in type 
'TransferInclude<DefaultArgs>'.

[7m248[0m         items: {
[7m   [0m [91m        ~~~~~[0m

  [96mnode_modules/.prisma/client/index.d.ts[0m:[93m17965[0m:[93m5[0m
    [7m17965[0m     include?: TransferInclude<ExtArgs> | null
    [7m     [0m [96m    ~~~~~~~[0m
    The expected type comes from property 'include' which is declared here on type '{ rejectOnNotFound?: RejectOnNotFound | undefined; select?: TransferSelect<DefaultArgs> | null | undefined; include?: 
TransferInclude<DefaultArgs> | null | undefined; where: TransferWhereUniqueInput; }'
[96msrc/transfer/transfer.service.ts[0m:[93m283[0m:[93m9[0m - [91merror[0m[90m TS2353: [0mObject literal may only specify known properties, and 'items' does not exist in type 
'TransferInclude<DefaultArgs>'.

[7m283[0m         items: {
[7m   [0m [91m        ~~~~~[0m

  [96mnode_modules/.prisma/client/index.d.ts[0m:[93m17965[0m:[93m5[0m
    [7m17965[0m     include?: TransferInclude<ExtArgs> | null
    [7m     [0m [96m    ~~~~~~~[0m
    The expected type comes from property 'include' which is declared here on type '{ rejectOnNotFound?: RejectOnNotFound | undefined; select?: TransferSelect<DefaultArgs> | null | undefined; include?: 
TransferInclude<DefaultArgs> | null | undefined; where: TransferWhereUniqueInput; }'
[96msrc/transfer/transfer.service.ts[0m:[93m309[0m:[93m35[0m - [91merror[0m[90m TS2339: [0mProperty 'items' does not exist on type 'GetResult<{ id: string; senderLocationId: string; 
receiverLocationId: string; userId: string; manifestNumber: string; status: string; voidedAt: Date | null; voidReason: string | null; createdAt: Date; updatedAt: Date; deletedAt: Date | null; }, 
unknown> & {}'.

[7m309[0m       for (const item of transfer.items) {
[7m   [0m [91m                                  ~~~~~[0m
[96msrc/transfer/transfer.service.ts[0m:[93m314[0m:[93m13[0m - [91merror[0m[90m TS2353: [0mObject literal may only specify known properties, and 'strainId' does not exist in type 
'Without<InventoryItemCreateInput, InventoryItemUncheckedCreateInput> & InventoryItemUncheckedCreateInput'.

[7m314[0m             strainId: item.inventoryItem.strainId,
[7m   [0m [91m            ~~~~~~~~[0m

  [96mnode_modules/.prisma/client/index.d.ts[0m:[93m12911[0m:[93m5[0m
    [7m12911[0m     data: XOR<InventoryItemCreateInput, InventoryItemUncheckedCreateInput>
    [7m     [0m [96m    ~~~~[0m
    The expected type comes from property 'data' which is declared here on type '{ select?: InventoryItemSelect<DefaultArgs> | null | undefined; include?: InventoryItemInclude<DefaultArgs> | null | 
undefined; data: (Without<...> & InventoryItemUncheckedCreateInput) | (Without<...> & InventoryItemCreateInput); }'
[96msrc/transfer/transfer.service.ts[0m:[93m323[0m:[93m35[0m - [91merror[0m[90m TS2339: [0mProperty 'items' does not exist on type 'GetResult<{ id: string; senderLocationId: string; 
receiverLocationId: string; userId: string; manifestNumber: string; status: string; voidedAt: Date | null; voidReason: string | null; createdAt: Date; updatedAt: Date; deletedAt: Date | null; }, 
unknown> & {}'.

[7m323[0m       for (const item of transfer.items) {
[7m   [0m [91m                                  ~~~~~[0m
[96msrc/transfer/transfer.service.ts[0m:[93m340[0m:[93m9[0m - [91merror[0m[90m TS2353: [0mObject literal may only specify known properties, and 'notes' does not exist in type 
'(Without<TransferUpdateInput, TransferUncheckedUpdateInput> & TransferUncheckedUpdateInput) | (Without<...> & TransferUpdateInput)'.

[7m340[0m         notes: dto.notes,
[7m   [0m [91m        ~~~~~[0m

  [96mnode_modules/.prisma/client/index.d.ts[0m:[93m18202[0m:[93m5[0m
    [7m18202[0m     data: XOR<TransferUpdateInput, TransferUncheckedUpdateInput>
    [7m     [0m [96m    ~~~~[0m
    The expected type comes from property 'data' which is declared here on type '{ select?: TransferSelect<DefaultArgs> | null | undefined; include?: TransferInclude<DefaultArgs> | null | undefined; 
data: (Without<...> & TransferUncheckedUpdateInput) | (Without<...> & TransferUpdateInput); where: TransferWhereUniqueInput; }'
[96msrc/transfer/transfer.service.ts[0m:[93m344[0m:[93m9[0m - [91merror[0m[90m TS2353: [0mObject literal may only specify known properties, and 'items' does not exist in type 
'TransferInclude<DefaultArgs>'.

[7m344[0m         items: {
[7m   [0m [91m        ~~~~~[0m

  [96mnode_modules/.prisma/client/index.d.ts[0m:[93m18198[0m:[93m5[0m
    [7m18198[0m     include?: TransferInclude<ExtArgs> | null
    [7m     [0m [96m    ~~~~~~~[0m
    The expected type comes from property 'include' which is declared here on type '{ select?: TransferSelect<DefaultArgs> | null | undefined; include?: TransferInclude<DefaultArgs> | null | undefined; 
data: (Without<...> & TransferUncheckedUpdateInput) | (Without<...> & TransferUpdateInput); where: TransferWhereUniqueInput; }'
[96msrc/transfer/transfer.service.ts[0m:[93m361[0m:[93m9[0m - [91merror[0m[90m TS2353: [0mObject literal may only specify known properties, and 'action' does not exist in type 
'Without<AuditLogCreateInput, AuditLogUncheckedCreateInput> & AuditLogUncheckedCreateInput'.

[7m361[0m         action: dto.status === 'RECEIVED' ? 'RECEIVE' : 'REJECT',
[7m   [0m [91m        ~~~~~~[0m

  [96mnode_modules/.prisma/client/index.d.ts[0m:[93m28901[0m:[93m5[0m
    [7m28901[0m     data: XOR<AuditLogCreateInput, AuditLogUncheckedCreateInput>
    [7m     [0m [96m    ~~~~[0m
    The expected type comes from property 'data' which is declared here on type '{ select?: AuditLogSelect<DefaultArgs> | null | undefined; include?: AuditLogInclude<DefaultArgs> | null | undefined; 
data: (Without<...> & AuditLogUncheckedCreateInput) | (Without<...> & AuditLogCreateInput); }'
[96msrc/transfer/transfer.service.ts[0m:[93m411[0m:[93m9[0m - [91merror[0m[90m TS2353: [0mObject literal may only specify known properties, and 'changes' does not exist in type 
'Without<AuditLogCreateInput, AuditLogUncheckedCreateInput> & AuditLogUncheckedCreateInput'.

[7m411[0m         changes: JSON.stringify({
[7m   [0m [91m        ~~~~~~~[0m

  [96mnode_modules/.prisma/client/index.d.ts[0m:[93m28901[0m:[93m5[0m
Found 284 error(s).

    [7m28901[0m     data: XOR<AuditLogCreateInput, AuditLogUncheckedCreateInput>
    [7m     [0m [96m    ~~~~[0m
    The expected type comes from property 'data' which is declared here on type '{ select?: AuditLogSelect<DefaultArgs> | null | undefined; include?: AuditLogInclude<DefaultArgs> | null | undefined; 
data: (Without<...> & AuditLogUncheckedCreateInput) | (Without<...> & AuditLogCreateInput); }'
[96msrc/transfer/transfer.service.ts[0m:[93m470[0m:[93m9[0m - [91merror[0m[90m TS2353: [0mObject literal may only specify known properties, and 'changes' does not exist in type 
'Without<AuditLogCreateInput, AuditLogUncheckedCreateInput> & AuditLogUncheckedCreateInput'.

[7m470[0m         changes: JSON.stringify({
[7m   [0m [91m        ~~~~~~~[0m

  [96mnode_modules/.prisma/client/index.d.ts[0m:[93m28901[0m:[93m5[0m
    [7m28901[0m     data: XOR<AuditLogCreateInput, AuditLogUncheckedCreateInput>
    [7m     [0m [96m    ~~~~[0m
    The expected type comes from property 'data' which is declared here on type '{ select?: AuditLogSelect<DefaultArgs> | null | undefined; include?: AuditLogInclude<DefaultArgs> | null | undefined; 
data: (Without<...> & AuditLogUncheckedCreateInput) | (Without<...> & AuditLogCreateInput); }'

